{"timestamp":"2026-08-27T10:24:23.560Z","eventType":"comment_addition","step":"NOTIFICATION_START","status":"START","data":{"taskId":"6a900f9256a75e928946a373","commentedBy":"6a67608a3177c4edda67c69d","plainTextPreview":"@Nitesh&nbsp;see the task"},"processId":21384}
{"timestamp":"2026-08-27T10:24:23.565Z","eventType":"comment_addition","step":"NOTIFICATION_START","status":"START","data":{"taskId":"6a900f9256a75e928946a373","commentId":"1787826259338","commentedBy":"6a67608a3177c4edda67c69d"},"processId":21384}
{"timestamp":"2026-08-27T10:24:23.568Z","eventType":"comment_addition","step":"SENDING_NOTIFICATION","status":"PROGRESS","data":{"userId":"6a676566479a5e77a638c843","taskId":"6a900f9256a75e928946a373"},"processId":21384}
{"timestamp":"2026-08-27T10:24:29.624Z","eventType":"comment_addition","step":"NOTIFICATION_START","status":"START","data":{"taskId":"6a900f9256a75e928946a373","commentedBy":"6a67608a3177c4edda67c69d","plainTextPreview":"@Nitesh&nbsp;see the task"},"processId":21384}
{"timestamp":"2026-08-27T10:24:29.626Z","eventType":"comment_addition","step":"NOTIFICATION_START","status":"START","data":{"taskId":"6a900f9256a75e928946a373","commentId":"1787826263803","commentedBy":"6a67608a3177c4edda67c69d"},"processId":21384}
{"timestamp":"2026-08-27T10:24:29.628Z","eventType":"comment_addition","step":"SENDING_NOTIFICATION","status":"PROGRESS","data":{"userId":"6a676566479a5e77a638c843","taskId":"6a900f9256a75e928946a373"},"processId":21384}
{"timestamp":"2026-08-27T10:24:31.795Z","eventType":"comment_addition","step":"NOTIFICATION_SENT","status":"SUCCESS","data":{"userId":"6a676566479a5e77a638c843","notificationId":"6a90105f56a75e928946a5d0"},"processId":21384}
{"timestamp":"2026-08-27T10:24:32.910Z","eventType":"comment_addition","step":"NOTIFICATION_START","status":"START","data":{"taskId":"6a900f9256a75e928946a373","commentedBy":"6a67608a3177c4edda67c69d","plainTextPreview":"@Nitesh&nbsp;see the task"},"processId":21384}
{"timestamp":"2026-08-27T10:24:32.914Z","eventType":"comment_addition","step":"NOTIFICATION_START","status":"START","data":{"taskId":"6a900f9256a75e928946a373","commentId":"1787826270519","commentedBy":"6a67608a3177c4edda67c69d"},"processId":21384}
{"timestamp":"2026-08-27T10:24:32.919Z","eventType":"comment_addition","step":"SENDING_NOTIFICATION","status":"PROGRESS","data":{"userId":"6a676566479a5e77a638c843","taskId":"6a900f9256a75e928946a373"},"processId":21384}
{"timestamp":"2026-08-27T10:24:34.370Z","eventType":"comment_addition","step":"NOTIFICATION_SENT","status":"SUCCESS","data":{"userId":"6a676566479a5e77a638c843","notificationId":"6a90106156a75e928946a5e8"},"processId":21384}
{"timestamp":"2026-08-27T10:24:36.258Z","eventType":"comment_addition","step":"MENTION_NOTIFICATION_SENT","status":"SUCCESS","data":{"userId":"6a676566479a5e77a638c843","notificationId":"6a90106356a75e928946a60a"},"processId":21384}
{"timestamp":"2026-08-27T10:24:36.259Z","eventType":"comment_addition","step":"NOTIFICATION_COMPLETE","status":"SUCCESS","data":{"taskId":"6a900f9256a75e928946a373","usersNotified":2},"processId":21384}
{"timestamp":"2026-08-27T10:24:36.260Z","eventType":"comment_addition","step":"NOTIFICATION_SUCCESS","status":"SUCCESS","data":{"taskId":"6a900f9256a75e928946a373","commentId":"1787826259338"},"processId":21384}
{"timestamp":"2026-08-27T10:24:37.552Z","eventType":"comment_addition","step":"MENTION_NOTIFICATION_SENT","status":"SUCCESS","data":{"userId":"6a676566479a5e77a638c843","notificationId":"6a90106456a75e928946a61f"},"processId":21384}
{"timestamp":"2026-08-27T10:24:37.555Z","eventType":"comment_addition","step":"NOTIFICATION_COMPLETE","status":"SUCCESS","data":{"taskId":"6a900f9256a75e928946a373","usersNotified":2},"processId":21384}
{"timestamp":"2026-08-27T10:24:37.558Z","eventType":"comment_addition","step":"NOTIFICATION_SUCCESS","status":"SUCCESS","data":{"taskId":"6a900f9256a75e928946a373","commentId":"1787826263803"},"processId":21384}
{"timestamp":"2026-08-27T10:24:37.598Z","eventType":"comment_addition","step":"NOTIFICATION_SENT","status":"SUCCESS","data":{"userId":"6a676566479a5e77a638c843","notificationId":"6a90106456a75e928946a621"},"processId":21384}
{"timestamp":"2026-08-27T10:24:46.308Z","eventType":"comment_addition","step":"MENTION_NOTIFICATION_SENT","status":"SUCCESS","data":{"userId":"6a676566479a5e77a638c843","notificationId":"6a90106d56a75e928946a67b"},"processId":21384}
{"timestamp":"2026-08-27T10:24:46.311Z","eventType":"comment_addition","step":"NOTIFICATION_COMPLETE","status":"SUCCESS","data":{"taskId":"6a900f9256a75e928946a373","usersNotified":2},"processId":21384}
{"timestamp":"2026-08-27T10:24:46.313Z","eventType":"comment_addition","step":"NOTIFICATION_SUCCESS","status":"SUCCESS","data":{"taskId":"6a900f9256a75e928946a373","commentId":"1787826270519"},"processId":21384}
{"timestamp":"2026-08-27T10:25:47.722Z","eventType":"comment_addition","step":"NOTIFICATION_START","status":"START","data":{"taskId":"6a900f9256a75e928946a373","commentedBy":"6a676566479a5e77a638c843","plainTextPreview":"nice work"},"processId":21384}
{"timestamp":"2026-08-27T10:25:47.733Z","eventType":"comment_addition","step":"NOTIFICATION_START","status":"START","data":{"taskId":"6a900f9256a75e928946a373","commentId":"1787826346791","commentedBy":"6a676566479a5e77a638c843"},"processId":21384}
{"timestamp":"2026-08-27T10:25:47.736Z","eventType":"comment_addition","step":"SENDING_NOTIFICATION","status":"PROGRESS","data":{"userId":"6a67608a3177c4edda67c69d","taskId":"6a900f9256a75e928946a373"},"processId":21384}
{"timestamp":"2026-08-27T10:25:54.695Z","eventType":"comment_addition","step":"NOTIFICATION_SENT","status":"SUCCESS","data":{"userId":"6a67608a3177c4edda67c69d","notificationId":"6a9010b256a75e928946a8d0"},"processId":21384}
{"timestamp":"2026-08-27T10:25:54.697Z","eventType":"comment_addition","step":"NOTIFICATION_COMPLETE","status":"SUCCESS","data":{"taskId":"6a900f9256a75e928946a373","usersNotified":1},"processId":21384}
{"timestamp":"2026-08-27T10:25:54.700Z","eventType":"comment_addition","step":"NOTIFICATION_SUCCESS","status":"SUCCESS","data":{"taskId":"6a900f9256a75e928946a373","commentId":"1787826346791"},"processId":21384}
