{"timestamp":"2026-08-26T05:00:00.535Z","eventType":"task_creation","step":"NOTIFICATION_START","status":"START","data":{"taskId":"6a8e72cfa17cb35302e61aa8","taskType":"regular","title":"Regular edit process builder","createdBy":"6a67608a3177c4edda67c69d","assignedTo":"6a67608a3177c4edda67c69d","collaborators":0,"approvers":0},"processId":22968}
{"timestamp":"2026-08-26T05:00:00.538Z","eventType":"task_creation","step":"NOTIFY_ASSIGNEE_SKIPPED","status":"SKIP","data":{"reason":"Creator is assignee","createdBy":"6a67608a3177c4edda67c69d","assignedTo":"6a67608a3177c4edda67c69d"},"processId":22968}
{"timestamp":"2026-08-26T05:00:04.049Z","eventType":"task_creation","step":"NOTIFY_CREATOR_SUCCESS","status":"SUCCESS","data":{"createdBy":"6a67608a3177c4edda67c69d","notificationId":"6a8e72d3a17cb35302e61ac3"},"processId":22968}
{"timestamp":"2026-08-26T05:00:04.051Z","eventType":"task_creation","step":"NOTIFICATION_COMPLETE","status":"SUCCESS","data":{"taskId":"6a8e72cfa17cb35302e61aa8","summary":{"assigneeNotifications":0,"collaboratorNotifications":0,"approverNotifications":0,"errors":0}},"processId":22968}
{"timestamp":"2026-08-26T05:00:04.061Z","eventType":"task_creation","step":"NOTIFICATION_START","status":"START","data":{"taskId":"6a8e72cfa17cb35302e61aaa","taskType":"email","title":"Email task by process builder","createdBy":"6a67608a3177c4edda67c69d","assignedTo":"6a67608a3177c4edda67c69d","collaborators":0,"approvers":0},"processId":22968}
{"timestamp":"2026-08-26T05:00:04.062Z","eventType":"task_creation","step":"NOTIFY_ASSIGNEE_SKIPPED","status":"SKIP","data":{"reason":"Creator is assignee","createdBy":"6a67608a3177c4edda67c69d","assignedTo":"6a67608a3177c4edda67c69d"},"processId":22968}
{"timestamp":"2026-08-26T05:00:07.034Z","eventType":"task_creation","step":"NOTIFY_CREATOR_SUCCESS","status":"SUCCESS","data":{"createdBy":"6a67608a3177c4edda67c69d","notificationId":"6a8e72d6a17cb35302e61ae4"},"processId":22968}
{"timestamp":"2026-08-26T05:00:07.036Z","eventType":"task_creation","step":"NOTIFICATION_COMPLETE","status":"SUCCESS","data":{"taskId":"6a8e72cfa17cb35302e61aaa","summary":{"assigneeNotifications":0,"collaboratorNotifications":0,"approverNotifications":0,"errors":0}},"processId":22968}
{"timestamp":"2026-08-26T05:00:07.324Z","eventType":"task_creation","step":"NOTIFICATION_START","status":"START","data":{"taskId":"6a8e72d0a17cb35302e61ab2","taskType":"milestone","title":"Linked milestone task by process builder","createdBy":"6a67608a3177c4edda67c69d","assignedTo":"6a676566479a5e77a638c843","collaborators":0,"approvers":0},"processId":22968}
{"timestamp":"2026-08-26T05:00:07.325Z","eventType":"task_creation","step":"NOTIFY_ASSIGNEE_START","status":"PROGRESS","data":{"assigneeId":"6a676566479a5e77a638c843","taskId":"6a8e72d0a17cb35302e61ab2","taskTitle":"Linked milestone task by process builder"},"processId":22968}
{"timestamp":"2026-08-26T05:00:10.204Z","eventType":"task_creation","step":"NOTIFY_ASSIGNEE_SUCCESS","status":"SUCCESS","data":{"assigneeId":"6a676566479a5e77a638c843","notificationId":"6a8e72daa17cb35302e61b05"},"processId":22968}
{"timestamp":"2026-08-26T05:00:12.948Z","eventType":"task_creation","step":"NOTIFY_CREATOR_SUCCESS","status":"SUCCESS","data":{"createdBy":"6a67608a3177c4edda67c69d","notificationId":"6a8e72dca17cb35302e61b21"},"processId":22968}
{"timestamp":"2026-08-26T05:00:12.949Z","eventType":"task_creation","step":"NOTIFICATION_COMPLETE","status":"SUCCESS","data":{"taskId":"6a8e72d0a17cb35302e61ab2","summary":{"assigneeNotifications":1,"collaboratorNotifications":0,"approverNotifications":0,"errors":0}},"processId":22968}
{"timestamp":"2026-08-26T05:00:13.344Z","eventType":"task_creation","step":"NOTIFICATION_START","status":"START","data":{"taskId":"6a8e72d0a17cb35302e61ab4","taskType":"approval","title":"Approval  task in process builder","createdBy":"6a67608a3177c4edda67c69d","assignedTo":"6a67608a3177c4edda67c69d","collaborators":0,"approvers":1},"processId":22968}
{"timestamp":"2026-08-26T05:00:13.345Z","eventType":"task_creation","step":"NOTIFY_ASSIGNEE_SKIPPED","status":"SKIP","data":{"reason":"Creator is assignee","createdBy":"6a67608a3177c4edda67c69d","assignedTo":"6a67608a3177c4edda67c69d"},"processId":22968}
{"timestamp":"2026-08-26T05:00:16.210Z","eventType":"task_creation","step":"NOTIFY_CREATOR_SUCCESS","status":"SUCCESS","data":{"createdBy":"6a67608a3177c4edda67c69d","notificationId":"6a8e72dfa17cb35302e61b3e"},"processId":22968}
{"timestamp":"2026-08-26T05:00:16.211Z","eventType":"task_creation","step":"NOTIFY_APPROVERS_START","status":"PROGRESS","data":{"approverCount":1,"taskId":"6a8e72d0a17cb35302e61ab4","approvalMode":"any"},"processId":22968}
{"timestamp":"2026-08-26T05:00:18.131Z","eventType":"task_creation","step":"NOTIFY_APPROVER_SUCCESS","status":"SUCCESS","data":{"approverId":"6a676566479a5e77a638c843","index":1,"notificationId":"6a8e72e1a17cb35302e61b54"},"processId":22968}
{"timestamp":"2026-08-26T05:00:18.131Z","eventType":"task_creation","step":"NOTIFICATION_COMPLETE","status":"SUCCESS","data":{"taskId":"6a8e72d0a17cb35302e61ab4","summary":{"assigneeNotifications":0,"collaboratorNotifications":0,"approverNotifications":1,"errors":0}},"processId":22968}
{"timestamp":"2026-08-26T05:12:47.438Z","eventType":"task_creation","step":"NOTIFICATION_START","status":"START","data":{"taskId":"6a8e75cea17cb35302e61c4c","taskType":"regular","title":"Regular task in process builder","createdBy":"6a67608a3177c4edda67c69d","assignedTo":"6a67608a3177c4edda67c69d","collaborators":0,"approvers":0},"processId":22968}
{"timestamp":"2026-08-26T05:12:47.439Z","eventType":"task_creation","step":"NOTIFY_ASSIGNEE_SKIPPED","status":"SKIP","data":{"reason":"Creator is assignee","createdBy":"6a67608a3177c4edda67c69d","assignedTo":"6a67608a3177c4edda67c69d"},"processId":22968}
{"timestamp":"2026-08-26T05:12:50.944Z","eventType":"task_creation","step":"NOTIFY_CREATOR_SUCCESS","status":"SUCCESS","data":{"createdBy":"6a67608a3177c4edda67c69d","notificationId":"6a8e75d2a17cb35302e61c5f"},"processId":22968}
{"timestamp":"2026-08-26T05:12:50.945Z","eventType":"task_creation","step":"NOTIFICATION_COMPLETE","status":"SUCCESS","data":{"taskId":"6a8e75cea17cb35302e61c4c","summary":{"assigneeNotifications":0,"collaboratorNotifications":0,"approverNotifications":0,"errors":0}},"processId":22968}
{"timestamp":"2026-08-26T05:12:51.597Z","eventType":"task_creation","step":"NOTIFICATION_START","status":"START","data":{"taskId":"6a8e75cea17cb35302e61c4e","taskType":"milestone","title":"Linked milestone task by process builder","createdBy":"6a67608a3177c4edda67c69d","assignedTo":"6a676566479a5e77a638c843","collaborators":0,"approvers":0},"processId":22968}
{"timestamp":"2026-08-26T05:12:51.598Z","eventType":"task_creation","step":"NOTIFY_ASSIGNEE_START","status":"PROGRESS","data":{"assigneeId":"6a676566479a5e77a638c843","taskId":"6a8e75cea17cb35302e61c4e","taskTitle":"Linked milestone task by process builder"},"processId":22968}
{"timestamp":"2026-08-26T05:12:54.144Z","eventType":"task_creation","step":"NOTIFY_ASSIGNEE_SUCCESS","status":"SUCCESS","data":{"assigneeId":"6a676566479a5e77a638c843","notificationId":"6a8e75d5a17cb35302e61c81"},"processId":22968}
{"timestamp":"2026-08-26T05:12:57.418Z","eventType":"task_creation","step":"NOTIFY_CREATOR_SUCCESS","status":"SUCCESS","data":{"createdBy":"6a67608a3177c4edda67c69d","notificationId":"6a8e75d9a17cb35302e61c9c"},"processId":22968}
{"timestamp":"2026-08-26T05:12:57.419Z","eventType":"task_creation","step":"NOTIFICATION_COMPLETE","status":"SUCCESS","data":{"taskId":"6a8e75cea17cb35302e61c4e","summary":{"assigneeNotifications":1,"collaboratorNotifications":0,"approverNotifications":0,"errors":0}},"processId":22968}
{"timestamp":"2026-08-26T05:12:57.666Z","eventType":"task_creation","step":"NOTIFICATION_START","status":"START","data":{"taskId":"6a8e75cfa17cb35302e61c50","taskType":"approval","title":"Approval  task in process builder","createdBy":"6a67608a3177c4edda67c69d","assignedTo":"6a67608a3177c4edda67c69d","collaborators":0,"approvers":1},"processId":22968}
{"timestamp":"2026-08-26T05:12:57.667Z","eventType":"task_creation","step":"NOTIFY_ASSIGNEE_SKIPPED","status":"SKIP","data":{"reason":"Creator is assignee","createdBy":"6a67608a3177c4edda67c69d","assignedTo":"6a67608a3177c4edda67c69d"},"processId":22968}
{"timestamp":"2026-08-26T05:13:00.569Z","eventType":"task_creation","step":"NOTIFY_CREATOR_SUCCESS","status":"SUCCESS","data":{"createdBy":"6a67608a3177c4edda67c69d","notificationId":"6a8e75dca17cb35302e61cb9"},"processId":22968}
{"timestamp":"2026-08-26T05:13:00.570Z","eventType":"task_creation","step":"NOTIFY_APPROVERS_START","status":"PROGRESS","data":{"approverCount":1,"taskId":"6a8e75cfa17cb35302e61c50","approvalMode":"any"},"processId":22968}
{"timestamp":"2026-08-26T05:13:02.389Z","eventType":"task_creation","step":"NOTIFY_APPROVER_SUCCESS","status":"SUCCESS","data":{"approverId":"6a676566479a5e77a638c843","index":1,"notificationId":"6a8e75dea17cb35302e61ccf"},"processId":22968}
{"timestamp":"2026-08-26T05:13:02.390Z","eventType":"task_creation","step":"NOTIFICATION_COMPLETE","status":"SUCCESS","data":{"taskId":"6a8e75cfa17cb35302e61c50","summary":{"assigneeNotifications":0,"collaboratorNotifications":0,"approverNotifications":1,"errors":0}},"processId":22968}
