{"timestamp":"2026-09-03T06:27:38.202Z","eventType":"task_creation","step":"USING_ENHANCED_HELPER","status":"START","data":{"taskId":"6a99135973b30d4b9d1f4b2a","taskType":"approval"},"processId":19556}
{"timestamp":"2026-09-03T06:27:38.209Z","eventType":"task_creation","step":"NOTIFICATION_START","status":"START","data":{"taskId":"6a99135973b30d4b9d1f4b2a","taskType":"approval","title":"standallone approval task","createdBy":"6a67608a3177c4edda67c69d","assignedTo":"6a67608a3177c4edda67c69d","collaborators":0,"approvers":1},"processId":19556}
{"timestamp":"2026-09-03T06:27:38.211Z","eventType":"task_creation","step":"NOTIFY_ASSIGNEE_SKIPPED","status":"SKIP","data":{"reason":"Creator is assignee","createdBy":"6a67608a3177c4edda67c69d","assignedTo":"6a67608a3177c4edda67c69d"},"processId":19556}
{"timestamp":"2026-09-03T06:27:39.329Z","eventType":"task_creation","step":"NOTIFY_CREATOR_SUCCESS","status":"SUCCESS","data":{"createdBy":"6a67608a3177c4edda67c69d","notificationId":"6a99135b73b30d4b9d1f4b43"},"processId":19556}
{"timestamp":"2026-09-03T06:27:39.331Z","eventType":"task_creation","step":"NOTIFY_APPROVERS_START","status":"PROGRESS","data":{"approverCount":1,"taskId":"6a99135973b30d4b9d1f4b2a","approvalMode":"any"},"processId":19556}
{"timestamp":"2026-09-03T06:27:40.436Z","eventType":"task_creation","step":"NOTIFY_APPROVER_SUCCESS","status":"SUCCESS","data":{"approverId":"6a676566479a5e77a638c843","index":1,"notificationId":"6a99135c73b30d4b9d1f4b56"},"processId":19556}
{"timestamp":"2026-09-03T06:27:40.437Z","eventType":"task_creation","step":"NOTIFICATION_COMPLETE","status":"SUCCESS","data":{"taskId":"6a99135973b30d4b9d1f4b2a","summary":{"assigneeNotifications":0,"collaboratorNotifications":0,"approverNotifications":1,"errors":0}},"processId":19556}
{"timestamp":"2026-09-03T06:27:40.444Z","eventType":"task_creation","step":"ENHANCED_NOTIFICATIONS_SENT","status":"SUCCESS","data":{"taskId":"6a99135973b30d4b9d1f4b2a","assigneeNotifications":0,"collaboratorNotifications":0,"approverNotifications":1,"errors":0},"processId":19556}
{"timestamp":"2026-09-03T06:44:25.913Z","eventType":"task_creation","step":"USING_ENHANCED_HELPER","status":"START","data":{"taskId":"6a9917488347a2a40e82e6dc","taskType":"approval"},"processId":19964}
{"timestamp":"2026-09-03T06:44:25.934Z","eventType":"task_creation","step":"NOTIFICATION_START","status":"START","data":{"taskId":"6a9917488347a2a40e82e6dc","taskType":"approval","title":"Standalone approval task 2:0","createdBy":"6a67608a3177c4edda67c69d","assignedTo":"6a67608a3177c4edda67c69d","collaborators":0,"approvers":1},"processId":19964}
{"timestamp":"2026-09-03T06:44:25.939Z","eventType":"task_creation","step":"NOTIFY_ASSIGNEE_SKIPPED","status":"SKIP","data":{"reason":"Creator is assignee","createdBy":"6a67608a3177c4edda67c69d","assignedTo":"6a67608a3177c4edda67c69d"},"processId":19964}
{"timestamp":"2026-09-03T06:44:27.116Z","eventType":"task_creation","step":"NOTIFY_CREATOR_SUCCESS","status":"SUCCESS","data":{"createdBy":"6a67608a3177c4edda67c69d","notificationId":"6a99174b8347a2a40e82e6f5"},"processId":19964}
{"timestamp":"2026-09-03T06:44:27.120Z","eventType":"task_creation","step":"NOTIFY_APPROVERS_START","status":"PROGRESS","data":{"approverCount":1,"taskId":"6a9917488347a2a40e82e6dc","approvalMode":"any"},"processId":19964}
{"timestamp":"2026-09-03T06:44:28.141Z","eventType":"task_creation","step":"NOTIFY_APPROVER_SUCCESS","status":"SUCCESS","data":{"approverId":"6a676566479a5e77a638c843","index":1,"notificationId":"6a99174c8347a2a40e82e708"},"processId":19964}
{"timestamp":"2026-09-03T06:44:28.143Z","eventType":"task_creation","step":"NOTIFICATION_COMPLETE","status":"SUCCESS","data":{"taskId":"6a9917488347a2a40e82e6dc","summary":{"assigneeNotifications":0,"collaboratorNotifications":0,"approverNotifications":1,"errors":0}},"processId":19964}
{"timestamp":"2026-09-03T06:44:28.148Z","eventType":"task_creation","step":"ENHANCED_NOTIFICATIONS_SENT","status":"SUCCESS","data":{"taskId":"6a9917488347a2a40e82e6dc","assigneeNotifications":0,"collaboratorNotifications":0,"approverNotifications":1,"errors":0},"processId":19964}
{"timestamp":"2026-09-03T06:48:47.841Z","eventType":"task_creation","step":"NOTIFICATION_START","status":"START","data":{"taskId":"6a9918398347a2a40e82ea04","taskType":"approval","title":"Approval for admin","createdBy":"6a676566479a5e77a638c843","assignedTo":"6a67608a3177c4edda67c69d","collaborators":0,"approvers":1},"processId":19964}
{"timestamp":"2026-09-03T06:48:47.845Z","eventType":"task_creation","step":"NOTIFY_ASSIGNEE_START","status":"PROGRESS","data":{"assigneeId":"6a67608a3177c4edda67c69d","taskId":"6a9918398347a2a40e82ea04","taskTitle":"Approval for admin"},"processId":19964}
{"timestamp":"2026-09-03T06:48:49.152Z","eventType":"task_creation","step":"NOTIFY_ASSIGNEE_SUCCESS","status":"SUCCESS","data":{"assigneeId":"6a67608a3177c4edda67c69d","notificationId":"6a9918508347a2a40e82eae9"},"processId":19964}
{"timestamp":"2026-09-03T06:48:50.308Z","eventType":"task_creation","step":"NOTIFY_CREATOR_SUCCESS","status":"SUCCESS","data":{"createdBy":"6a676566479a5e77a638c843","notificationId":"6a9918528347a2a40e82eb01"},"processId":19964}
{"timestamp":"2026-09-03T06:48:50.310Z","eventType":"task_creation","step":"NOTIFY_APPROVERS_START","status":"PROGRESS","data":{"approverCount":1,"taskId":"6a9918398347a2a40e82ea04","approvalMode":"any"},"processId":19964}
{"timestamp":"2026-09-03T06:48:50.325Z","eventType":"task_creation","step":"NOTIFICATION_COMPLETE","status":"SUCCESS","data":{"taskId":"6a9918398347a2a40e82ea04","summary":{"assigneeNotifications":1,"collaboratorNotifications":0,"approverNotifications":0,"errors":0}},"processId":19964}
{"timestamp":"2026-09-03T06:50:43.523Z","eventType":"task_creation","step":"NOTIFICATION_START","status":"START","data":{"taskId":"6a9918398347a2a40e82ea04","taskType":"approval","title":"Approval for admin","createdBy":"6a676566479a5e77a638c843","assignedTo":"6a67608a3177c4edda67c69d","collaborators":0,"approvers":1},"processId":19964}
{"timestamp":"2026-09-03T06:50:43.527Z","eventType":"task_creation","step":"NOTIFY_ASSIGNEE_START","status":"PROGRESS","data":{"assigneeId":"6a67608a3177c4edda67c69d","taskId":"6a9918398347a2a40e82ea04","taskTitle":"Approval for admin"},"processId":19964}
{"timestamp":"2026-09-03T06:50:44.712Z","eventType":"task_creation","step":"NOTIFY_ASSIGNEE_SUCCESS","status":"SUCCESS","data":{"assigneeId":"6a67608a3177c4edda67c69d","notificationId":"6a9918c48347a2a40e82ee38"},"processId":19964}
{"timestamp":"2026-09-03T06:50:45.669Z","eventType":"task_creation","step":"NOTIFY_CREATOR_SUCCESS","status":"SUCCESS","data":{"createdBy":"6a676566479a5e77a638c843","notificationId":"6a9918c58347a2a40e82ee4c"},"processId":19964}
{"timestamp":"2026-09-03T06:50:45.672Z","eventType":"task_creation","step":"NOTIFY_APPROVERS_START","status":"PROGRESS","data":{"approverCount":1,"taskId":"6a9918398347a2a40e82ea04","approvalMode":"any"},"processId":19964}
{"timestamp":"2026-09-03T06:50:45.674Z","eventType":"task_creation","step":"NOTIFICATION_COMPLETE","status":"SUCCESS","data":{"taskId":"6a9918398347a2a40e82ea04","summary":{"assigneeNotifications":1,"collaboratorNotifications":0,"approverNotifications":0,"errors":0}},"processId":19964}
{"timestamp":"2026-09-03T06:56:17.866Z","eventType":"task_creation","step":"NOTIFICATION_START","status":"START","data":{"taskId":"6a9918398347a2a40e82ea04","taskType":"approval","title":"Approval for admin","createdBy":"6a676566479a5e77a638c843","assignedTo":"6a67608a3177c4edda67c69d","collaborators":0,"approvers":1},"processId":19964}
{"timestamp":"2026-09-03T06:56:17.878Z","eventType":"task_creation","step":"NOTIFY_ASSIGNEE_START","status":"PROGRESS","data":{"assigneeId":"6a67608a3177c4edda67c69d","taskId":"6a9918398347a2a40e82ea04","taskTitle":"Approval for admin"},"processId":19964}
{"timestamp":"2026-09-03T06:56:19.247Z","eventType":"task_creation","step":"NOTIFY_ASSIGNEE_SUCCESS","status":"SUCCESS","data":{"assigneeId":"6a67608a3177c4edda67c69d","notificationId":"6a991a138347a2a40e82f25c"},"processId":19964}
{"timestamp":"2026-09-03T06:56:20.145Z","eventType":"task_creation","step":"NOTIFY_CREATOR_SUCCESS","status":"SUCCESS","data":{"createdBy":"6a676566479a5e77a638c843","notificationId":"6a991a148347a2a40e82f270"},"processId":19964}
{"timestamp":"2026-09-03T06:56:20.154Z","eventType":"task_creation","step":"NOTIFY_APPROVERS_START","status":"PROGRESS","data":{"approverCount":1,"taskId":"6a9918398347a2a40e82ea04","approvalMode":"any"},"processId":19964}
{"timestamp":"2026-09-03T06:56:20.157Z","eventType":"task_creation","step":"NOTIFICATION_COMPLETE","status":"SUCCESS","data":{"taskId":"6a9918398347a2a40e82ea04","summary":{"assigneeNotifications":1,"collaboratorNotifications":0,"approverNotifications":0,"errors":0}},"processId":19964}
{"timestamp":"2026-09-03T07:01:10.208Z","eventType":"task_creation","step":"NOTIFICATION_START","status":"START","data":{"taskId":"6a9918398347a2a40e82ea04","taskType":"approval","title":"Approval for admin","createdBy":"6a676566479a5e77a638c843","assignedTo":"6a67608a3177c4edda67c69d","collaborators":0,"approvers":1},"processId":19964}
{"timestamp":"2026-09-03T07:01:10.209Z","eventType":"task_creation","step":"NOTIFY_ASSIGNEE_START","status":"PROGRESS","data":{"assigneeId":"6a67608a3177c4edda67c69d","taskId":"6a9918398347a2a40e82ea04","taskTitle":"Approval for admin"},"processId":19964}
{"timestamp":"2026-09-03T07:01:11.306Z","eventType":"task_creation","step":"NOTIFY_ASSIGNEE_SUCCESS","status":"SUCCESS","data":{"assigneeId":"6a67608a3177c4edda67c69d","notificationId":"6a991b378347a2a40e82f5b6"},"processId":19964}
{"timestamp":"2026-09-03T07:01:12.026Z","eventType":"task_creation","step":"NOTIFY_CREATOR_SUCCESS","status":"SUCCESS","data":{"createdBy":"6a676566479a5e77a638c843","notificationId":"6a991b378347a2a40e82f5f9"},"processId":19964}
{"timestamp":"2026-09-03T07:01:12.028Z","eventType":"task_creation","step":"NOTIFY_APPROVERS_START","status":"PROGRESS","data":{"approverCount":1,"taskId":"6a9918398347a2a40e82ea04","approvalMode":"any"},"processId":19964}
{"timestamp":"2026-09-03T07:01:12.029Z","eventType":"task_creation","step":"NOTIFICATION_COMPLETE","status":"SUCCESS","data":{"taskId":"6a9918398347a2a40e82ea04","summary":{"assigneeNotifications":1,"collaboratorNotifications":0,"approverNotifications":0,"errors":0}},"processId":19964}
{"timestamp":"2026-09-03T07:03:46.990Z","eventType":"task_creation","step":"NOTIFICATION_START","status":"START","data":{"taskId":"6a9918398347a2a40e82ea04","taskType":"approval","title":"Approval for admin","createdBy":"6a676566479a5e77a638c843","assignedTo":"6a67608a3177c4edda67c69d","collaborators":0,"approvers":1},"processId":19964}
{"timestamp":"2026-09-03T07:03:46.992Z","eventType":"task_creation","step":"NOTIFY_ASSIGNEE_START","status":"PROGRESS","data":{"assigneeId":"6a67608a3177c4edda67c69d","taskId":"6a9918398347a2a40e82ea04","taskTitle":"Approval for admin"},"processId":19964}
{"timestamp":"2026-09-03T07:03:48.297Z","eventType":"task_creation","step":"NOTIFY_ASSIGNEE_SUCCESS","status":"SUCCESS","data":{"assigneeId":"6a67608a3177c4edda67c69d","notificationId":"6a991bd48347a2a40e82f8c6"},"processId":19964}
{"timestamp":"2026-09-03T07:03:49.141Z","eventType":"task_creation","step":"NOTIFY_CREATOR_SUCCESS","status":"SUCCESS","data":{"createdBy":"6a676566479a5e77a638c843","notificationId":"6a991bd58347a2a40e82f8da"},"processId":19964}
{"timestamp":"2026-09-03T07:03:49.143Z","eventType":"task_creation","step":"NOTIFY_APPROVERS_START","status":"PROGRESS","data":{"approverCount":1,"taskId":"6a9918398347a2a40e82ea04","approvalMode":"any"},"processId":19964}
{"timestamp":"2026-09-03T07:03:49.144Z","eventType":"task_creation","step":"NOTIFICATION_COMPLETE","status":"SUCCESS","data":{"taskId":"6a9918398347a2a40e82ea04","summary":{"assigneeNotifications":1,"collaboratorNotifications":0,"approverNotifications":0,"errors":0}},"processId":19964}
{"timestamp":"2026-09-03T07:05:28.072Z","eventType":"task_creation","step":"NOTIFICATION_START","status":"START","data":{"taskId":"6a9918398347a2a40e82ea04","taskType":"approval","title":"Approval for admin","createdBy":"6a676566479a5e77a638c843","assignedTo":"6a67608a3177c4edda67c69d","collaborators":0,"approvers":1},"processId":19964}
{"timestamp":"2026-09-03T07:05:28.088Z","eventType":"task_creation","step":"NOTIFY_ASSIGNEE_START","status":"PROGRESS","data":{"assigneeId":"6a67608a3177c4edda67c69d","taskId":"6a9918398347a2a40e82ea04","taskTitle":"Approval for admin"},"processId":19964}
{"timestamp":"2026-09-03T07:05:29.381Z","eventType":"task_creation","step":"NOTIFY_ASSIGNEE_SUCCESS","status":"SUCCESS","data":{"assigneeId":"6a67608a3177c4edda67c69d","notificationId":"6a991c398347a2a40e82fb51"},"processId":19964}
{"timestamp":"2026-09-03T07:05:30.266Z","eventType":"task_creation","step":"NOTIFY_CREATOR_SUCCESS","status":"SUCCESS","data":{"createdBy":"6a676566479a5e77a638c843","notificationId":"6a991c3a8347a2a40e82fb64"},"processId":19964}
{"timestamp":"2026-09-03T07:05:30.268Z","eventType":"task_creation","step":"NOTIFY_APPROVERS_START","status":"PROGRESS","data":{"approverCount":1,"taskId":"6a9918398347a2a40e82ea04","approvalMode":"any"},"processId":19964}
{"timestamp":"2026-09-03T07:05:30.271Z","eventType":"task_creation","step":"NOTIFICATION_COMPLETE","status":"SUCCESS","data":{"taskId":"6a9918398347a2a40e82ea04","summary":{"assigneeNotifications":1,"collaboratorNotifications":0,"approverNotifications":0,"errors":0}},"processId":19964}
{"timestamp":"2026-09-03T07:14:56.433Z","eventType":"task_creation","step":"NOTIFICATION_START","status":"START","data":{"taskId":"6a991e439cbca4da1fde3a7d","taskType":"approval","title":"Approval for admin","createdBy":"6a67608a3177c4edda67c69d","assignedTo":"6a67608a3177c4edda67c69d","collaborators":0,"approvers":1},"processId":13668}
{"timestamp":"2026-09-03T07:14:56.439Z","eventType":"task_creation","step":"NOTIFY_ASSIGNEE_SKIPPED","status":"SKIP","data":{"reason":"Creator is assignee","createdBy":"6a67608a3177c4edda67c69d","assignedTo":"6a67608a3177c4edda67c69d"},"processId":13668}
{"timestamp":"2026-09-03T07:14:57.597Z","eventType":"task_creation","step":"NOTIFY_CREATOR_SUCCESS","status":"SUCCESS","data":{"createdBy":"6a67608a3177c4edda67c69d","notificationId":"6a991e719cbca4da1fde3bd1"},"processId":13668}
{"timestamp":"2026-09-03T07:14:57.600Z","eventType":"task_creation","step":"NOTIFY_APPROVERS_START","status":"PROGRESS","data":{"approverCount":1,"taskId":"6a991e439cbca4da1fde3a7d","approvalMode":"any"},"processId":13668}
{"timestamp":"2026-09-03T07:14:58.507Z","eventType":"task_creation","step":"NOTIFY_APPROVER_SUCCESS","status":"SUCCESS","data":{"approverId":"6a676566479a5e77a638c843","index":1,"notificationId":"6a991e729cbca4da1fde3be8"},"processId":13668}
{"timestamp":"2026-09-03T07:14:58.509Z","eventType":"task_creation","step":"NOTIFICATION_COMPLETE","status":"SUCCESS","data":{"taskId":"6a991e439cbca4da1fde3a7d","summary":{"assigneeNotifications":0,"collaboratorNotifications":0,"approverNotifications":1,"errors":0}},"processId":13668}
{"timestamp":"2026-09-03T07:16:56.460Z","eventType":"task_creation","step":"NOTIFICATION_START","status":"START","data":{"taskId":"6a991e439cbca4da1fde3a7d","taskType":"approval","title":"Approval for admin","createdBy":"6a67608a3177c4edda67c69d","assignedTo":"6a67608a3177c4edda67c69d","collaborators":0,"approvers":1},"processId":13668}
{"timestamp":"2026-09-03T07:16:56.464Z","eventType":"task_creation","step":"NOTIFY_ASSIGNEE_SKIPPED","status":"SKIP","data":{"reason":"Creator is assignee","createdBy":"6a67608a3177c4edda67c69d","assignedTo":"6a67608a3177c4edda67c69d"},"processId":13668}
{"timestamp":"2026-09-03T07:16:57.576Z","eventType":"task_creation","step":"NOTIFY_CREATOR_SUCCESS","status":"SUCCESS","data":{"createdBy":"6a67608a3177c4edda67c69d","notificationId":"6a991ee99cbca4da1fde41bc"},"processId":13668}
{"timestamp":"2026-09-03T07:16:57.582Z","eventType":"task_creation","step":"NOTIFY_APPROVERS_START","status":"PROGRESS","data":{"approverCount":1,"taskId":"6a991e439cbca4da1fde3a7d","approvalMode":"any"},"processId":13668}
{"timestamp":"2026-09-03T07:16:58.472Z","eventType":"task_creation","step":"NOTIFY_APPROVER_SUCCESS","status":"SUCCESS","data":{"approverId":"6a676566479a5e77a638c843","index":1,"notificationId":"6a991eea9cbca4da1fde41d2"},"processId":13668}
{"timestamp":"2026-09-03T07:16:58.474Z","eventType":"task_creation","step":"NOTIFICATION_COMPLETE","status":"SUCCESS","data":{"taskId":"6a991e439cbca4da1fde3a7d","summary":{"assigneeNotifications":0,"collaboratorNotifications":0,"approverNotifications":1,"errors":0}},"processId":13668}
