{"timestamp":"2026-08-27T11:17:44.233Z","eventType":"task_update","step":"USING_ENHANCED_HELPER","status":"START","data":{"taskId":"6a901a048c622e90f0dacb9e","updateKeys":["emailConfig","updatedAt"]},"processId":18008}
{"timestamp":"2026-08-27T11:17:44.239Z","eventType":"task_update","step":"NOTIFICATION_START","status":"START","data":{"taskId":"6a901a048c622e90f0dacb9e","taskTitle":"Send email for selection","updatedBy":"6a67608a3177c4edda67c69d","changedFields":["emailConfig"]},"processId":18008}
{"timestamp":"2026-08-27T11:17:44.244Z","eventType":"task_update","step":"NOTIFICATION_COMPLETE","status":"SUCCESS","data":{"taskId":"6a901a048c622e90f0dacb9e","usersNotified":0},"processId":18008}
{"timestamp":"2026-08-27T11:17:44.248Z","eventType":"task_update","step":"ENHANCED_NOTIFICATIONS_SENT","status":"SUCCESS","data":{"taskId":"6a901a048c622e90f0dacb9e","usersNotified":0},"processId":18008}
{"timestamp":"2026-08-27T11:17:46.739Z","eventType":"task_update","step":"USING_ENHANCED_HELPER","status":"START","data":{"taskId":"6a901a048c622e90f0dacb9e","updateKeys":["emailConfig","updatedAt"]},"processId":18008}
{"timestamp":"2026-08-27T11:17:46.740Z","eventType":"task_update","step":"NOTIFICATION_START","status":"START","data":{"taskId":"6a901a048c622e90f0dacb9e","taskTitle":"Send email for selection","updatedBy":"6a67608a3177c4edda67c69d","changedFields":["emailConfig"]},"processId":18008}
{"timestamp":"2026-08-27T11:17:46.741Z","eventType":"task_update","step":"NOTIFICATION_COMPLETE","status":"SUCCESS","data":{"taskId":"6a901a048c622e90f0dacb9e","usersNotified":0},"processId":18008}
{"timestamp":"2026-08-27T11:17:46.741Z","eventType":"task_update","step":"ENHANCED_NOTIFICATIONS_SENT","status":"SUCCESS","data":{"taskId":"6a901a048c622e90f0dacb9e","usersNotified":0},"processId":18008}
{"timestamp":"2026-08-27T11:31:58.222Z","eventType":"task_update","step":"USING_ENHANCED_HELPER","status":"START","data":{"taskId":"6a9020028cadef28ad2e647c","updateKeys":["emailConfig","emailSubject","emailBody","updatedAt"],"isCommentOnly":false},"processId":9444}
{"timestamp":"2026-08-27T11:31:58.225Z","eventType":"task_update","step":"NOTIFICATION_START","status":"START","data":{"taskId":"6a9020028cadef28ad2e647c","taskTitle":"Send email for selection","updatedBy":"6a67608a3177c4edda67c69d","changedFields":["emailConfig","emailSubject","emailBody"]},"processId":9444}
{"timestamp":"2026-08-27T11:31:58.226Z","eventType":"task_update","step":"NOTIFICATION_COMPLETE","status":"SUCCESS","data":{"taskId":"6a9020028cadef28ad2e647c","usersNotified":0},"processId":9444}
{"timestamp":"2026-08-27T11:31:58.227Z","eventType":"task_update","step":"ENHANCED_NOTIFICATIONS_SENT","status":"SUCCESS","data":{"taskId":"6a9020028cadef28ad2e647c","usersNotified":0},"processId":9444}
{"timestamp":"2026-08-27T11:33:08.763Z","eventType":"task_update","step":"USING_ENHANCED_HELPER","status":"START","data":{"taskId":"6a9020028cadef28ad2e647c","updateKeys":["description","updatedAt"]},"processId":9444}
{"timestamp":"2026-08-27T11:33:08.764Z","eventType":"task_update","step":"NOTIFICATION_START","status":"START","data":{"taskId":"6a9020028cadef28ad2e647c","taskTitle":"Send email for selection","updatedBy":"6a676566479a5e77a638c843","changedFields":["description"]},"processId":9444}
{"timestamp":"2026-08-27T11:33:09.852Z","eventType":"task_update","step":"NOTIFY_USER_SUCCESS","status":"SUCCESS","data":{"userId":"6a67608a3177c4edda67c69d","notificationId":"6a9020758cadef28ad2e66d7"},"processId":9444}
{"timestamp":"2026-08-27T11:33:09.853Z","eventType":"task_update","step":"NOTIFICATION_COMPLETE","status":"SUCCESS","data":{"taskId":"6a9020028cadef28ad2e647c","usersNotified":1},"processId":9444}
{"timestamp":"2026-08-27T11:33:09.854Z","eventType":"task_update","step":"ENHANCED_NOTIFICATIONS_SENT","status":"SUCCESS","data":{"taskId":"6a9020028cadef28ad2e647c","usersNotified":1},"processId":9444}
{"timestamp":"2026-08-27T12:21:50.952Z","eventType":"task_update","step":"USING_ENHANCED_HELPER","status":"START","data":{"taskId":"6a9028a72cc1cfbdee0caa86","updateKeys":["emailConfig","emailSubject","emailBody","updatedAt"],"isCommentOnly":false},"processId":20260}
{"timestamp":"2026-08-27T12:21:50.956Z","eventType":"task_update","step":"NOTIFICATION_START","status":"START","data":{"taskId":"6a9028a72cc1cfbdee0caa86","taskTitle":"Send email for selection","updatedBy":"6a67608a3177c4edda67c69d","changedFields":["emailConfig","emailSubject","emailBody"]},"processId":20260}
{"timestamp":"2026-08-27T12:21:50.957Z","eventType":"task_update","step":"NOTIFICATION_COMPLETE","status":"SUCCESS","data":{"taskId":"6a9028a72cc1cfbdee0caa86","usersNotified":0},"processId":20260}
{"timestamp":"2026-08-27T12:21:50.957Z","eventType":"task_update","step":"ENHANCED_NOTIFICATIONS_SENT","status":"SUCCESS","data":{"taskId":"6a9028a72cc1cfbdee0caa86","usersNotified":0},"processId":20260}
