{"timestamp":"2026-07-28T06:33:30.908Z","eventType":"task_creation","step":"USING_ENHANCED_HELPER","status":"START","data":{"taskId":"6a684d3a496a7a874f65eecd","taskType":"approval"},"processId":24240}
{"timestamp":"2026-07-28T06:33:30.914Z","eventType":"task_creation","step":"NOTIFICATION_START","status":"START","data":{"taskId":"6a684d3a496a7a874f65eecd","taskType":"approval","title":"approval outside the regular","createdBy":"6a67608a3177c4edda67c69d","assignedTo":"6a67608a3177c4edda67c69d","collaborators":0,"approvers":1},"processId":24240}
{"timestamp":"2026-07-28T06:33:30.916Z","eventType":"task_creation","step":"NOTIFY_ASSIGNEE_SKIPPED","status":"SKIP","data":{"reason":"Creator is assignee","createdBy":"6a67608a3177c4edda67c69d","assignedTo":"6a67608a3177c4edda67c69d"},"processId":24240}
{"timestamp":"2026-07-28T06:33:31.375Z","eventType":"task_creation","step":"NOTIFY_CREATOR_SUCCESS","status":"SUCCESS","data":{"createdBy":"6a67608a3177c4edda67c69d","notificationId":"6a684d3b496a7a874f65eee4"},"processId":24240}
{"timestamp":"2026-07-28T06:33:31.376Z","eventType":"task_creation","step":"NOTIFY_APPROVERS_START","status":"PROGRESS","data":{"approverCount":1,"taskId":"6a684d3a496a7a874f65eecd","approvalMode":"any"},"processId":24240}
{"timestamp":"2026-07-28T06:33:31.824Z","eventType":"task_creation","step":"NOTIFY_APPROVER_SUCCESS","status":"SUCCESS","data":{"approverId":"6a676566479a5e77a638c843","index":1,"notificationId":"6a684d3b496a7a874f65eef8"},"processId":24240}
{"timestamp":"2026-07-28T06:33:31.825Z","eventType":"task_creation","step":"NOTIFICATION_COMPLETE","status":"SUCCESS","data":{"taskId":"6a684d3a496a7a874f65eecd","summary":{"assigneeNotifications":0,"collaboratorNotifications":0,"approverNotifications":1,"errors":0}},"processId":24240}
{"timestamp":"2026-07-28T06:33:31.826Z","eventType":"task_creation","step":"ENHANCED_NOTIFICATIONS_SENT","status":"SUCCESS","data":{"taskId":"6a684d3a496a7a874f65eecd","assigneeNotifications":0,"collaboratorNotifications":0,"approverNotifications":1,"errors":0},"processId":24240}
{"timestamp":"2026-07-28T07:00:30.528Z","eventType":"task_creation","step":"USING_ENHANCED_HELPER","status":"START","data":{"taskId":"6a68538d014d967e800f67de","taskType":"approval"},"processId":17680}
{"timestamp":"2026-07-28T07:00:30.530Z","eventType":"task_creation","step":"NOTIFICATION_START","status":"START","data":{"taskId":"6a68538d014d967e800f67de","taskType":"approval","title":"normal approval from  outside","createdBy":"6a67608a3177c4edda67c69d","assignedTo":"6a67608a3177c4edda67c69d","collaborators":0,"approvers":1},"processId":17680}
{"timestamp":"2026-07-28T07:00:30.534Z","eventType":"task_creation","step":"NOTIFY_ASSIGNEE_SKIPPED","status":"SKIP","data":{"reason":"Creator is assignee","createdBy":"6a67608a3177c4edda67c69d","assignedTo":"6a67608a3177c4edda67c69d"},"processId":17680}
{"timestamp":"2026-07-28T07:00:31.042Z","eventType":"task_creation","step":"NOTIFY_CREATOR_SUCCESS","status":"SUCCESS","data":{"createdBy":"6a67608a3177c4edda67c69d","notificationId":"6a68538e014d967e800f67f5"},"processId":17680}
{"timestamp":"2026-07-28T07:00:31.044Z","eventType":"task_creation","step":"NOTIFY_APPROVERS_START","status":"PROGRESS","data":{"approverCount":1,"taskId":"6a68538d014d967e800f67de","approvalMode":"any"},"processId":17680}
{"timestamp":"2026-07-28T07:00:31.543Z","eventType":"task_creation","step":"NOTIFY_APPROVER_SUCCESS","status":"SUCCESS","data":{"approverId":"6a676566479a5e77a638c843","index":1,"notificationId":"6a68538f014d967e800f6808"},"processId":17680}
{"timestamp":"2026-07-28T07:00:31.544Z","eventType":"task_creation","step":"NOTIFICATION_COMPLETE","status":"SUCCESS","data":{"taskId":"6a68538d014d967e800f67de","summary":{"assigneeNotifications":0,"collaboratorNotifications":0,"approverNotifications":1,"errors":0}},"processId":17680}
{"timestamp":"2026-07-28T07:00:31.545Z","eventType":"task_creation","step":"ENHANCED_NOTIFICATIONS_SENT","status":"SUCCESS","data":{"taskId":"6a68538d014d967e800f67de","assigneeNotifications":0,"collaboratorNotifications":0,"approverNotifications":1,"errors":0},"processId":17680}
{"timestamp":"2026-07-28T08:23:57.691Z","eventType":"task_creation","step":"USING_ENHANCED_HELPER","status":"START","data":{"taskId":"6a68671d040975b1dde05180","taskType":"milestone"},"processId":16344}
{"timestamp":"2026-07-28T08:23:57.697Z","eventType":"task_creation","step":"NOTIFICATION_START","status":"START","data":{"taskId":"6a68671d040975b1dde05180","taskType":"milestone","title":"check milestone status  management","createdBy":"6a67608a3177c4edda67c69d","assignedTo":"6a67608a3177c4edda67c69d","collaborators":0,"approvers":0},"processId":16344}
{"timestamp":"2026-07-28T08:23:57.699Z","eventType":"task_creation","step":"NOTIFY_ASSIGNEE_SKIPPED","status":"SKIP","data":{"reason":"Creator is assignee","createdBy":"6a67608a3177c4edda67c69d","assignedTo":"6a67608a3177c4edda67c69d"},"processId":16344}
{"timestamp":"2026-07-28T08:23:58.536Z","eventType":"task_creation","step":"NOTIFY_CREATOR_SUCCESS","status":"SUCCESS","data":{"createdBy":"6a67608a3177c4edda67c69d","notificationId":"6a68671e040975b1dde05196"},"processId":16344}
{"timestamp":"2026-07-28T08:23:58.537Z","eventType":"task_creation","step":"NOTIFICATION_COMPLETE","status":"SUCCESS","data":{"taskId":"6a68671d040975b1dde05180","summary":{"assigneeNotifications":0,"collaboratorNotifications":0,"approverNotifications":0,"errors":0}},"processId":16344}
{"timestamp":"2026-07-28T08:23:58.538Z","eventType":"task_creation","step":"ENHANCED_NOTIFICATIONS_SENT","status":"SUCCESS","data":{"taskId":"6a68671d040975b1dde05180","assigneeNotifications":0,"collaboratorNotifications":0,"approverNotifications":0,"errors":0},"processId":16344}
{"timestamp":"2026-07-28T08:49:01.975Z","eventType":"task_creation","step":"USING_ENHANCED_HELPER","status":"START","data":{"taskId":"6a686cfdc8c1cb6284db4cc8","taskType":"milestone"},"processId":10304}
{"timestamp":"2026-07-28T08:49:01.981Z","eventType":"task_creation","step":"NOTIFICATION_START","status":"START","data":{"taskId":"6a686cfdc8c1cb6284db4cc8","taskType":"milestone","title":"Linked milestone task testing from outside","createdBy":"6a67608a3177c4edda67c69d","assignedTo":"6a67608a3177c4edda67c69d","collaborators":0,"approvers":0},"processId":10304}
{"timestamp":"2026-07-28T08:49:01.982Z","eventType":"task_creation","step":"NOTIFY_ASSIGNEE_SKIPPED","status":"SKIP","data":{"reason":"Creator is assignee","createdBy":"6a67608a3177c4edda67c69d","assignedTo":"6a67608a3177c4edda67c69d"},"processId":10304}
{"timestamp":"2026-07-28T08:49:02.669Z","eventType":"task_creation","step":"NOTIFY_CREATOR_SUCCESS","status":"SUCCESS","data":{"createdBy":"6a67608a3177c4edda67c69d","notificationId":"6a686cfec8c1cb6284db4cde"},"processId":10304}
{"timestamp":"2026-07-28T08:49:02.670Z","eventType":"task_creation","step":"NOTIFICATION_COMPLETE","status":"SUCCESS","data":{"taskId":"6a686cfdc8c1cb6284db4cc8","summary":{"assigneeNotifications":0,"collaboratorNotifications":0,"approverNotifications":0,"errors":0}},"processId":10304}
{"timestamp":"2026-07-28T08:49:02.670Z","eventType":"task_creation","step":"ENHANCED_NOTIFICATIONS_SENT","status":"SUCCESS","data":{"taskId":"6a686cfdc8c1cb6284db4cc8","assigneeNotifications":0,"collaboratorNotifications":0,"approverNotifications":0,"errors":0},"processId":10304}
{"timestamp":"2026-07-28T10:15:57.096Z","eventType":"task_creation","step":"USING_ENHANCED_HELPER","status":"START","data":{"taskId":"6a68815c9e6a8080ad1d9e40","taskType":"regular"},"processId":1572}
{"timestamp":"2026-07-28T10:15:57.102Z","eventType":"task_creation","step":"NOTIFICATION_START","status":"START","data":{"taskId":"6a68815c9e6a8080ad1d9e40","taskType":"regular","title":"check status  management","createdBy":"6a67608a3177c4edda67c69d","assignedTo":"6a67608a3177c4edda67c69d","collaborators":0,"approvers":0},"processId":1572}
{"timestamp":"2026-07-28T10:15:57.104Z","eventType":"task_creation","step":"NOTIFY_ASSIGNEE_SKIPPED","status":"SKIP","data":{"reason":"Creator is assignee","createdBy":"6a67608a3177c4edda67c69d","assignedTo":"6a67608a3177c4edda67c69d"},"processId":1572}
{"timestamp":"2026-07-28T10:15:57.747Z","eventType":"task_creation","step":"NOTIFY_CREATOR_SUCCESS","status":"SUCCESS","data":{"createdBy":"6a67608a3177c4edda67c69d","notificationId":"6a68815d9e6a8080ad1d9e55"},"processId":1572}
{"timestamp":"2026-07-28T10:15:57.748Z","eventType":"task_creation","step":"NOTIFICATION_COMPLETE","status":"SUCCESS","data":{"taskId":"6a68815c9e6a8080ad1d9e40","summary":{"assigneeNotifications":0,"collaboratorNotifications":0,"approverNotifications":0,"errors":0}},"processId":1572}
{"timestamp":"2026-07-28T10:15:57.750Z","eventType":"task_creation","step":"ENHANCED_NOTIFICATIONS_SENT","status":"SUCCESS","data":{"taskId":"6a68815c9e6a8080ad1d9e40","assigneeNotifications":0,"collaboratorNotifications":0,"approverNotifications":0,"errors":0},"processId":1572}
