{"timestamp":"2026-09-22T04:57:52.027Z","eventType":"task_update","step":"USING_ENHANCED_HELPER","status":"START","data":{"taskId":"6a86c6d9eafafba0643f1b0c","updateKeys":["priority","updatedAt"]},"processId":13268}
{"timestamp":"2026-09-22T04:57:52.030Z","eventType":"task_update","step":"NOTIFICATION_START","status":"START","data":{"taskId":"6a86c6d9eafafba0643f1b0c","taskTitle":"Office Supplies Request","updatedBy":"6a7353294507d90b9123aaf3","changedFields":["priority"]},"processId":13268}
{"timestamp":"2026-09-22T04:57:52.938Z","eventType":"task_update","step":"NOTIFY_USER_SUCCESS","status":"SUCCESS","data":{"userId":"6a587da815a1ab523d0b9375","notificationId":"6ab20ad01f6ca33c62263756"},"processId":13268}
{"timestamp":"2026-09-22T04:57:52.940Z","eventType":"task_update","step":"NOTIFICATION_COMPLETE","status":"SUCCESS","data":{"taskId":"6a86c6d9eafafba0643f1b0c","usersNotified":1},"processId":13268}
{"timestamp":"2026-09-22T04:57:52.941Z","eventType":"task_update","step":"ENHANCED_NOTIFICATIONS_SENT","status":"SUCCESS","data":{"taskId":"6a86c6d9eafafba0643f1b0c","usersNotified":1},"processId":13268}
{"timestamp":"2026-09-22T08:43:09.528Z","eventType":"task_update","step":"USING_ENHANCED_HELPER","status":"START","data":{"taskId":"6a86c43beafafba0643f0dd0","updateKeys":["dueDate","updatedAt"]},"processId":13268}
{"timestamp":"2026-09-22T08:43:09.530Z","eventType":"task_update","step":"NOTIFICATION_START","status":"START","data":{"taskId":"6a86c43beafafba0643f0dd0","taskTitle":"Fill-In Monthly Finance Projection","updatedBy":"6a7353294507d90b9123aaf3","changedFields":["dueDate"]},"processId":13268}
{"timestamp":"2026-09-22T08:43:10.525Z","eventType":"task_update","step":"NOTIFY_USER_SUCCESS","status":"SUCCESS","data":{"userId":"6a587da815a1ab523d0b9375","notificationId":"6ab23f9e1f6ca33c62264736"},"processId":13268}
{"timestamp":"2026-09-22T08:43:10.526Z","eventType":"task_update","step":"NOTIFICATION_COMPLETE","status":"SUCCESS","data":{"taskId":"6a86c43beafafba0643f0dd0","usersNotified":1},"processId":13268}
{"timestamp":"2026-09-22T08:43:10.526Z","eventType":"task_update","step":"ENHANCED_NOTIFICATIONS_SENT","status":"SUCCESS","data":{"taskId":"6a86c43beafafba0643f0dd0","usersNotified":1},"processId":13268}
{"timestamp":"2026-09-22T08:43:27.567Z","eventType":"task_update","step":"USING_ENHANCED_HELPER","status":"START","data":{"taskId":"6a86c43beafafba0643f0dd0","updateKeys":["timeEstimate","updatedAt"]},"processId":13268}
{"timestamp":"2026-09-22T08:43:27.568Z","eventType":"task_update","step":"NOTIFICATION_START","status":"START","data":{"taskId":"6a86c43beafafba0643f0dd0","taskTitle":"Fill-In Monthly Finance Projection","updatedBy":"6a7353294507d90b9123aaf3","changedFields":["timeEstimate"]},"processId":13268}
{"timestamp":"2026-09-22T08:43:28.471Z","eventType":"task_update","step":"NOTIFY_USER_SUCCESS","status":"SUCCESS","data":{"userId":"6a587da815a1ab523d0b9375","notificationId":"6ab23fb01f6ca33c62264793"},"processId":13268}
{"timestamp":"2026-09-22T08:43:28.472Z","eventType":"task_update","step":"NOTIFICATION_COMPLETE","status":"SUCCESS","data":{"taskId":"6a86c43beafafba0643f0dd0","usersNotified":1},"processId":13268}
{"timestamp":"2026-09-22T08:43:28.473Z","eventType":"task_update","step":"ENHANCED_NOTIFICATIONS_SENT","status":"SUCCESS","data":{"taskId":"6a86c43beafafba0643f0dd0","usersNotified":1},"processId":13268}
{"timestamp":"2026-09-22T09:24:18.547Z","eventType":"task_update","step":"USING_ENHANCED_HELPER","status":"START","data":{"taskId":"6a8d449beafafba0643fc501","updateKeys":["progress","updatedAt"]},"processId":13268}
{"timestamp":"2026-09-22T09:24:18.549Z","eventType":"task_update","step":"NOTIFICATION_START","status":"START","data":{"taskId":"6a8d449beafafba0643fc501","taskTitle":"Monthly Finance Provision","updatedBy":"6a86a5792e771acde23e395a","changedFields":["progress"]},"processId":13268}
{"timestamp":"2026-09-22T09:24:18.550Z","eventType":"task_update","step":"NOTIFICATION_COMPLETE","status":"SUCCESS","data":{"taskId":"6a8d449beafafba0643fc501","usersNotified":0},"processId":13268}
{"timestamp":"2026-09-22T09:24:18.550Z","eventType":"task_update","step":"ENHANCED_NOTIFICATIONS_SENT","status":"SUCCESS","data":{"taskId":"6a8d449beafafba0643fc501","usersNotified":0},"processId":13268}
{"timestamp":"2026-09-22T09:27:20.426Z","eventType":"task_update","step":"USING_ENHANCED_HELPER","status":"START","data":{"taskId":"6a8d449beafafba0643fc501","updateKeys":["progress","updatedAt"]},"processId":13268}
{"timestamp":"2026-09-22T09:27:20.427Z","eventType":"task_update","step":"NOTIFICATION_START","status":"START","data":{"taskId":"6a8d449beafafba0643fc501","taskTitle":"Monthly Finance Provision","updatedBy":"6a86a5792e771acde23e395a","changedFields":["progress"]},"processId":13268}
{"timestamp":"2026-09-22T09:27:20.427Z","eventType":"task_update","step":"NOTIFICATION_COMPLETE","status":"SUCCESS","data":{"taskId":"6a8d449beafafba0643fc501","usersNotified":0},"processId":13268}
{"timestamp":"2026-09-22T09:27:20.428Z","eventType":"task_update","step":"ENHANCED_NOTIFICATIONS_SENT","status":"SUCCESS","data":{"taskId":"6a8d449beafafba0643fc501","usersNotified":0},"processId":13268}
{"timestamp":"2026-09-22T09:27:30.840Z","eventType":"task_update","step":"USING_ENHANCED_HELPER","status":"START","data":{"taskId":"6a8d449beafafba0643fc501","updateKeys":["progress","updatedAt"]},"processId":13268}
{"timestamp":"2026-09-22T09:27:30.841Z","eventType":"task_update","step":"NOTIFICATION_START","status":"START","data":{"taskId":"6a8d449beafafba0643fc501","taskTitle":"Monthly Finance Provision","updatedBy":"6a86a5792e771acde23e395a","changedFields":["progress"]},"processId":13268}
{"timestamp":"2026-09-22T09:27:30.842Z","eventType":"task_update","step":"NOTIFICATION_COMPLETE","status":"SUCCESS","data":{"taskId":"6a8d449beafafba0643fc501","usersNotified":0},"processId":13268}
{"timestamp":"2026-09-22T09:27:30.843Z","eventType":"task_update","step":"ENHANCED_NOTIFICATIONS_SENT","status":"SUCCESS","data":{"taskId":"6a8d449beafafba0643fc501","usersNotified":0},"processId":13268}
{"timestamp":"2026-09-22T09:27:58.655Z","eventType":"task_update","step":"USING_ENHANCED_HELPER","status":"START","data":{"taskId":"6a8d449beafafba0643fc501","updateKeys":["priority","updatedAt"]},"processId":13268}
{"timestamp":"2026-09-22T09:27:58.656Z","eventType":"task_update","step":"NOTIFICATION_START","status":"START","data":{"taskId":"6a8d449beafafba0643fc501","taskTitle":"Monthly Finance Provision","updatedBy":"6a86a5792e771acde23e395a","changedFields":["priority"]},"processId":13268}
{"timestamp":"2026-09-22T09:27:58.657Z","eventType":"task_update","step":"NOTIFICATION_COMPLETE","status":"SUCCESS","data":{"taskId":"6a8d449beafafba0643fc501","usersNotified":0},"processId":13268}
{"timestamp":"2026-09-22T09:27:58.658Z","eventType":"task_update","step":"ENHANCED_NOTIFICATIONS_SENT","status":"SUCCESS","data":{"taskId":"6a8d449beafafba0643fc501","usersNotified":0},"processId":13268}
{"timestamp":"2026-09-22T09:28:33.536Z","eventType":"task_update","step":"USING_ENHANCED_HELPER","status":"START","data":{"taskId":"6a8d449beafafba0643fc501","updateKeys":["progress","updatedAt"]},"processId":13268}
{"timestamp":"2026-09-22T09:28:33.537Z","eventType":"task_update","step":"NOTIFICATION_START","status":"START","data":{"taskId":"6a8d449beafafba0643fc501","taskTitle":"Monthly Finance Provision","updatedBy":"6a86a5792e771acde23e395a","changedFields":["progress"]},"processId":13268}
{"timestamp":"2026-09-22T09:28:33.538Z","eventType":"task_update","step":"NOTIFICATION_COMPLETE","status":"SUCCESS","data":{"taskId":"6a8d449beafafba0643fc501","usersNotified":0},"processId":13268}
{"timestamp":"2026-09-22T09:28:33.538Z","eventType":"task_update","step":"ENHANCED_NOTIFICATIONS_SENT","status":"SUCCESS","data":{"taskId":"6a8d449beafafba0643fc501","usersNotified":0},"processId":13268}
{"timestamp":"2026-09-22T09:56:15.134Z","eventType":"task_update","step":"USING_ENHANCED_HELPER","status":"START","data":{"taskId":"6a8d449beafafba0643fc501","updateKeys":["priority","updatedAt"]},"processId":13268}
{"timestamp":"2026-09-22T09:56:15.149Z","eventType":"task_update","step":"NOTIFICATION_START","status":"START","data":{"taskId":"6a8d449beafafba0643fc501","taskTitle":"Monthly Finance Provision","updatedBy":"6a86a5792e771acde23e395a","changedFields":["priority"]},"processId":13268}
{"timestamp":"2026-09-22T09:56:15.154Z","eventType":"task_update","step":"NOTIFICATION_COMPLETE","status":"SUCCESS","data":{"taskId":"6a8d449beafafba0643fc501","usersNotified":0},"processId":13268}
{"timestamp":"2026-09-22T09:56:15.156Z","eventType":"task_update","step":"ENHANCED_NOTIFICATIONS_SENT","status":"SUCCESS","data":{"taskId":"6a8d449beafafba0643fc501","usersNotified":0},"processId":13268}
{"timestamp":"2026-09-22T09:56:25.093Z","eventType":"task_update","step":"USING_ENHANCED_HELPER","status":"START","data":{"taskId":"6a8d449beafafba0643fc501","updateKeys":["timeEstimate","updatedAt"]},"processId":13268}
{"timestamp":"2026-09-22T09:56:25.095Z","eventType":"task_update","step":"NOTIFICATION_START","status":"START","data":{"taskId":"6a8d449beafafba0643fc501","taskTitle":"Monthly Finance Provision","updatedBy":"6a86a5792e771acde23e395a","changedFields":["timeEstimate"]},"processId":13268}
{"timestamp":"2026-09-22T09:56:25.098Z","eventType":"task_update","step":"NOTIFICATION_COMPLETE","status":"SUCCESS","data":{"taskId":"6a8d449beafafba0643fc501","usersNotified":0},"processId":13268}
{"timestamp":"2026-09-22T09:56:25.106Z","eventType":"task_update","step":"ENHANCED_NOTIFICATIONS_SENT","status":"SUCCESS","data":{"taskId":"6a8d449beafafba0643fc501","usersNotified":0},"processId":13268}
{"timestamp":"2026-09-22T09:56:32.075Z","eventType":"task_update","step":"USING_ENHANCED_HELPER","status":"START","data":{"taskId":"6a8d449beafafba0643fc501","updateKeys":["progress","updatedAt"]},"processId":13268}
{"timestamp":"2026-09-22T09:56:32.078Z","eventType":"task_update","step":"NOTIFICATION_START","status":"START","data":{"taskId":"6a8d449beafafba0643fc501","taskTitle":"Monthly Finance Provision","updatedBy":"6a86a5792e771acde23e395a","changedFields":["progress"]},"processId":13268}
{"timestamp":"2026-09-22T09:56:32.082Z","eventType":"task_update","step":"NOTIFICATION_COMPLETE","status":"SUCCESS","data":{"taskId":"6a8d449beafafba0643fc501","usersNotified":0},"processId":13268}
{"timestamp":"2026-09-22T09:56:32.084Z","eventType":"task_update","step":"ENHANCED_NOTIFICATIONS_SENT","status":"SUCCESS","data":{"taskId":"6a8d449beafafba0643fc501","usersNotified":0},"processId":13268}
{"timestamp":"2026-09-22T09:56:33.138Z","eventType":"task_update","step":"USING_ENHANCED_HELPER","status":"START","data":{"taskId":"6a8d449beafafba0643fc501","updateKeys":["progress","updatedAt"]},"processId":13268}
{"timestamp":"2026-09-22T09:56:33.140Z","eventType":"task_update","step":"NOTIFICATION_START","status":"START","data":{"taskId":"6a8d449beafafba0643fc501","taskTitle":"Monthly Finance Provision","updatedBy":"6a86a5792e771acde23e395a","changedFields":["progress"]},"processId":13268}
{"timestamp":"2026-09-22T09:56:33.142Z","eventType":"task_update","step":"NOTIFICATION_COMPLETE","status":"SUCCESS","data":{"taskId":"6a8d449beafafba0643fc501","usersNotified":0},"processId":13268}
{"timestamp":"2026-09-22T09:56:33.144Z","eventType":"task_update","step":"ENHANCED_NOTIFICATIONS_SENT","status":"SUCCESS","data":{"taskId":"6a8d449beafafba0643fc501","usersNotified":0},"processId":13268}
{"timestamp":"2026-09-22T09:56:53.059Z","eventType":"task_update","step":"USING_ENHANCED_HELPER","status":"START","data":{"taskId":"6a8d449beafafba0643fc501","updateKeys":["tags","updatedAt"]},"processId":13268}
{"timestamp":"2026-09-22T09:56:53.061Z","eventType":"task_update","step":"NOTIFICATION_START","status":"START","data":{"taskId":"6a8d449beafafba0643fc501","taskTitle":"Monthly Finance Provision","updatedBy":"6a86a5792e771acde23e395a","changedFields":["tags"]},"processId":13268}
{"timestamp":"2026-09-22T09:56:53.065Z","eventType":"task_update","step":"NOTIFICATION_COMPLETE","status":"SUCCESS","data":{"taskId":"6a8d449beafafba0643fc501","usersNotified":0},"processId":13268}
{"timestamp":"2026-09-22T09:56:53.068Z","eventType":"task_update","step":"ENHANCED_NOTIFICATIONS_SENT","status":"SUCCESS","data":{"taskId":"6a8d449beafafba0643fc501","usersNotified":0},"processId":13268}
{"timestamp":"2026-09-22T09:57:17.743Z","eventType":"task_update","step":"USING_ENHANCED_HELPER","status":"START","data":{"taskId":"6a8d449beafafba0643fc501","updateKeys":["description","updatedAt"]},"processId":13268}
{"timestamp":"2026-09-22T09:57:17.746Z","eventType":"task_update","step":"NOTIFICATION_START","status":"START","data":{"taskId":"6a8d449beafafba0643fc501","taskTitle":"Monthly Finance Provision","updatedBy":"6a86a5792e771acde23e395a","changedFields":["description"]},"processId":13268}
{"timestamp":"2026-09-22T09:57:17.748Z","eventType":"task_update","step":"NOTIFICATION_COMPLETE","status":"SUCCESS","data":{"taskId":"6a8d449beafafba0643fc501","usersNotified":0},"processId":13268}
{"timestamp":"2026-09-22T09:57:17.751Z","eventType":"task_update","step":"ENHANCED_NOTIFICATIONS_SENT","status":"SUCCESS","data":{"taskId":"6a8d449beafafba0643fc501","usersNotified":0},"processId":13268}
{"timestamp":"2026-09-22T10:03:01.369Z","eventType":"task_update","step":"USING_ENHANCED_HELPER","status":"START","data":{"taskId":"6a8d449beafafba0643fc501","updateKeys":["tags","updatedAt"]},"processId":13268}
{"timestamp":"2026-09-22T10:03:01.372Z","eventType":"task_update","step":"NOTIFICATION_START","status":"START","data":{"taskId":"6a8d449beafafba0643fc501","taskTitle":"Monthly Finance Provision","updatedBy":"6a86a5792e771acde23e395a","changedFields":["tags"]},"processId":13268}
{"timestamp":"2026-09-22T10:03:01.375Z","eventType":"task_update","step":"NOTIFICATION_COMPLETE","status":"SUCCESS","data":{"taskId":"6a8d449beafafba0643fc501","usersNotified":0},"processId":13268}
{"timestamp":"2026-09-22T10:03:01.377Z","eventType":"task_update","step":"ENHANCED_NOTIFICATIONS_SENT","status":"SUCCESS","data":{"taskId":"6a8d449beafafba0643fc501","usersNotified":0},"processId":13268}
{"timestamp":"2026-09-22T10:03:19.634Z","eventType":"task_update","step":"USING_ENHANCED_HELPER","status":"START","data":{"taskId":"6a8d449beafafba0643fc501","updateKeys":["tags","updatedAt"]},"processId":13268}
{"timestamp":"2026-09-22T10:03:19.638Z","eventType":"task_update","step":"NOTIFICATION_START","status":"START","data":{"taskId":"6a8d449beafafba0643fc501","taskTitle":"Monthly Finance Provision","updatedBy":"6a86a5792e771acde23e395a","changedFields":["tags"]},"processId":13268}
{"timestamp":"2026-09-22T10:03:19.641Z","eventType":"task_update","step":"NOTIFICATION_COMPLETE","status":"SUCCESS","data":{"taskId":"6a8d449beafafba0643fc501","usersNotified":0},"processId":13268}
{"timestamp":"2026-09-22T10:03:19.645Z","eventType":"task_update","step":"ENHANCED_NOTIFICATIONS_SENT","status":"SUCCESS","data":{"taskId":"6a8d449beafafba0643fc501","usersNotified":0},"processId":13268}
