{"timestamp":"2026-09-06T04:13:52.369Z","eventType":"task_creation","step":"NOTIFICATION_START","status":"START","data":{"taskId":"6a9ce69a3ef42460a8fe8a86","taskType":"approval","title":"Approval for admin","createdBy":"6a67608a3177c4edda67c69d","assignedTo":"6a67608a3177c4edda67c69d","collaborators":0,"approvers":1},"processId":12508}
{"timestamp":"2026-09-06T04:13:52.371Z","eventType":"task_creation","step":"NOTIFY_ASSIGNEE_SKIPPED","status":"SKIP","data":{"reason":"Creator is assignee","createdBy":"6a67608a3177c4edda67c69d","assignedTo":"6a67608a3177c4edda67c69d"},"processId":12508}
{"timestamp":"2026-09-06T04:13:53.565Z","eventType":"task_creation","step":"NOTIFY_CREATOR_SUCCESS","status":"SUCCESS","data":{"createdBy":"6a67608a3177c4edda67c69d","notificationId":"6a9ce881e3233d82692b028f"},"processId":12508}
{"timestamp":"2026-09-06T04:13:53.567Z","eventType":"task_creation","step":"NOTIFY_APPROVERS_START","status":"PROGRESS","data":{"approverCount":1,"taskId":"6a9ce69a3ef42460a8fe8a86","approvalMode":"any"},"processId":12508}
{"timestamp":"2026-09-06T04:13:54.404Z","eventType":"task_creation","step":"NOTIFY_APPROVER_SUCCESS","status":"SUCCESS","data":{"approverId":"6a676566479a5e77a638c843","index":1,"notificationId":"6a9ce882e3233d82692b02a8"},"processId":12508}
{"timestamp":"2026-09-06T04:13:54.405Z","eventType":"task_creation","step":"NOTIFICATION_COMPLETE","status":"SUCCESS","data":{"taskId":"6a9ce69a3ef42460a8fe8a86","summary":{"assigneeNotifications":0,"collaboratorNotifications":0,"approverNotifications":1,"errors":0}},"processId":12508}
{"timestamp":"2026-09-06T04:15:26.000Z","eventType":"task_creation","step":"NOTIFICATION_START","status":"START","data":{"taskId":"6a9ce69a3ef42460a8fe8a86","taskType":"approval","title":"Approval for admin","createdBy":"6a67608a3177c4edda67c69d","assignedTo":"6a67608a3177c4edda67c69d","collaborators":0,"approvers":1},"processId":12508}
{"timestamp":"2026-09-06T04:15:26.001Z","eventType":"task_creation","step":"NOTIFY_ASSIGNEE_SKIPPED","status":"SKIP","data":{"reason":"Creator is assignee","createdBy":"6a67608a3177c4edda67c69d","assignedTo":"6a67608a3177c4edda67c69d"},"processId":12508}
{"timestamp":"2026-09-06T04:15:27.156Z","eventType":"task_creation","step":"NOTIFY_CREATOR_SUCCESS","status":"SUCCESS","data":{"createdBy":"6a67608a3177c4edda67c69d","notificationId":"6a9ce8dfe3233d82692b0746"},"processId":12508}
{"timestamp":"2026-09-06T04:15:27.157Z","eventType":"task_creation","step":"NOTIFY_APPROVERS_START","status":"PROGRESS","data":{"approverCount":1,"taskId":"6a9ce69a3ef42460a8fe8a86","approvalMode":"any"},"processId":12508}
{"timestamp":"2026-09-06T04:15:28.085Z","eventType":"task_creation","step":"NOTIFY_APPROVER_SUCCESS","status":"SUCCESS","data":{"approverId":"6a676566479a5e77a638c843","index":1,"notificationId":"6a9ce8dfe3233d82692b075d"},"processId":12508}
{"timestamp":"2026-09-06T04:15:28.086Z","eventType":"task_creation","step":"NOTIFICATION_COMPLETE","status":"SUCCESS","data":{"taskId":"6a9ce69a3ef42460a8fe8a86","summary":{"assigneeNotifications":0,"collaboratorNotifications":0,"approverNotifications":1,"errors":0}},"processId":12508}
{"timestamp":"2026-09-06T04:23:38.480Z","eventType":"task_creation","step":"NOTIFICATION_START","status":"START","data":{"taskId":"6a9ce69a3ef42460a8fe8a86","taskType":"approval","title":"Approval for admin","createdBy":"6a67608a3177c4edda67c69d","assignedTo":"6a67608a3177c4edda67c69d","collaborators":0,"approvers":1},"processId":12508}
{"timestamp":"2026-09-06T04:23:38.482Z","eventType":"task_creation","step":"NOTIFY_ASSIGNEE_SKIPPED","status":"SKIP","data":{"reason":"Creator is assignee","createdBy":"6a67608a3177c4edda67c69d","assignedTo":"6a67608a3177c4edda67c69d"},"processId":12508}
{"timestamp":"2026-09-06T04:23:40.429Z","eventType":"task_creation","step":"NOTIFY_CREATOR_SUCCESS","status":"SUCCESS","data":{"createdBy":"6a67608a3177c4edda67c69d","notificationId":"6a9ceacce3233d82692b11f1"},"processId":12508}
{"timestamp":"2026-09-06T04:23:40.431Z","eventType":"task_creation","step":"NOTIFY_APPROVERS_START","status":"PROGRESS","data":{"approverCount":1,"taskId":"6a9ce69a3ef42460a8fe8a86","approvalMode":"any"},"processId":12508}
{"timestamp":"2026-09-06T04:23:41.946Z","eventType":"task_creation","step":"NOTIFY_APPROVER_SUCCESS","status":"SUCCESS","data":{"approverId":"6a676566479a5e77a638c843","index":1,"notificationId":"6a9ceacde3233d82692b120a"},"processId":12508}
{"timestamp":"2026-09-06T04:23:41.949Z","eventType":"task_creation","step":"NOTIFICATION_COMPLETE","status":"SUCCESS","data":{"taskId":"6a9ce69a3ef42460a8fe8a86","summary":{"assigneeNotifications":0,"collaboratorNotifications":0,"approverNotifications":1,"errors":0}},"processId":12508}
{"timestamp":"2026-09-06T04:28:43.908Z","eventType":"task_creation","step":"NOTIFICATION_START","status":"START","data":{"taskId":"6a9ce69a3ef42460a8fe8a86","taskType":"approval","title":"Approval for admin","createdBy":"6a67608a3177c4edda67c69d","assignedTo":"6a67608a3177c4edda67c69d","collaborators":0,"approvers":1},"processId":10284}
{"timestamp":"2026-09-06T04:28:43.910Z","eventType":"task_creation","step":"NOTIFY_ASSIGNEE_SKIPPED","status":"SKIP","data":{"reason":"Creator is assignee","createdBy":"6a67608a3177c4edda67c69d","assignedTo":"6a67608a3177c4edda67c69d"},"processId":10284}
{"timestamp":"2026-09-06T04:28:45.025Z","eventType":"task_creation","step":"NOTIFY_CREATOR_SUCCESS","status":"SUCCESS","data":{"createdBy":"6a67608a3177c4edda67c69d","notificationId":"6a9cebfcb19ace602bd11305"},"processId":10284}
{"timestamp":"2026-09-06T04:28:45.026Z","eventType":"task_creation","step":"NOTIFY_APPROVERS_START","status":"PROGRESS","data":{"approverCount":1,"taskId":"6a9ce69a3ef42460a8fe8a86","approvalMode":"any"},"processId":10284}
{"timestamp":"2026-09-06T04:28:45.985Z","eventType":"task_creation","step":"NOTIFY_APPROVER_SUCCESS","status":"SUCCESS","data":{"approverId":"6a676566479a5e77a638c843","index":1,"notificationId":"6a9cebfdb19ace602bd11329"},"processId":10284}
{"timestamp":"2026-09-06T04:28:45.986Z","eventType":"task_creation","step":"NOTIFICATION_COMPLETE","status":"SUCCESS","data":{"taskId":"6a9ce69a3ef42460a8fe8a86","summary":{"assigneeNotifications":0,"collaboratorNotifications":0,"approverNotifications":1,"errors":0}},"processId":10284}
{"timestamp":"2026-09-06T04:33:55.962Z","eventType":"task_creation","step":"NOTIFICATION_START","status":"START","data":{"taskId":"6a9ce69a3ef42460a8fe8a86","taskType":"approval","title":"Approval for admin","createdBy":"6a67608a3177c4edda67c69d","assignedTo":"6a67608a3177c4edda67c69d","collaborators":0,"approvers":1},"processId":15324}
{"timestamp":"2026-09-06T04:33:55.965Z","eventType":"task_creation","step":"NOTIFY_ASSIGNEE_SKIPPED","status":"SKIP","data":{"reason":"Creator is assignee","createdBy":"6a67608a3177c4edda67c69d","assignedTo":"6a67608a3177c4edda67c69d"},"processId":15324}
{"timestamp":"2026-09-06T04:33:57.149Z","eventType":"task_creation","step":"NOTIFY_CREATOR_SUCCESS","status":"SUCCESS","data":{"createdBy":"6a67608a3177c4edda67c69d","notificationId":"6a9ced35eaa114b07cf07344"},"processId":15324}
{"timestamp":"2026-09-06T04:33:57.151Z","eventType":"task_creation","step":"NOTIFY_APPROVERS_START","status":"PROGRESS","data":{"approverCount":1,"taskId":"6a9ce69a3ef42460a8fe8a86","approvalMode":"any"},"processId":15324}
{"timestamp":"2026-09-06T04:33:57.987Z","eventType":"task_creation","step":"NOTIFY_APPROVER_SUCCESS","status":"SUCCESS","data":{"approverId":"6a676566479a5e77a638c843","index":1,"notificationId":"6a9ced35eaa114b07cf0735d"},"processId":15324}
{"timestamp":"2026-09-06T04:33:57.988Z","eventType":"task_creation","step":"NOTIFICATION_COMPLETE","status":"SUCCESS","data":{"taskId":"6a9ce69a3ef42460a8fe8a86","summary":{"assigneeNotifications":0,"collaboratorNotifications":0,"approverNotifications":1,"errors":0}},"processId":15324}
{"timestamp":"2026-09-06T04:38:03.975Z","eventType":"task_creation","step":"NOTIFICATION_START","status":"START","data":{"taskId":"6a9ce69a3ef42460a8fe8a86","taskType":"approval","title":"Approval for admin","createdBy":"6a67608a3177c4edda67c69d","assignedTo":"6a67608a3177c4edda67c69d","collaborators":0,"approvers":1},"processId":14176}
{"timestamp":"2026-09-06T04:38:03.978Z","eventType":"task_creation","step":"NOTIFY_ASSIGNEE_SKIPPED","status":"SKIP","data":{"reason":"Creator is assignee","createdBy":"6a67608a3177c4edda67c69d","assignedTo":"6a67608a3177c4edda67c69d"},"processId":14176}
{"timestamp":"2026-09-06T04:38:05.183Z","eventType":"task_creation","step":"NOTIFY_CREATOR_SUCCESS","status":"SUCCESS","data":{"createdBy":"6a67608a3177c4edda67c69d","notificationId":"6a9cee2d50722493717191d7"},"processId":14176}
{"timestamp":"2026-09-06T04:38:05.184Z","eventType":"task_creation","step":"NOTIFY_APPROVERS_START","status":"PROGRESS","data":{"approverCount":1,"taskId":"6a9ce69a3ef42460a8fe8a86","approvalMode":"any"},"processId":14176}
{"timestamp":"2026-09-06T04:38:06.059Z","eventType":"task_creation","step":"NOTIFY_APPROVER_SUCCESS","status":"SUCCESS","data":{"approverId":"6a676566479a5e77a638c843","index":1,"notificationId":"6a9cee2d50722493717191f5"},"processId":14176}
{"timestamp":"2026-09-06T04:38:06.060Z","eventType":"task_creation","step":"NOTIFICATION_COMPLETE","status":"SUCCESS","data":{"taskId":"6a9ce69a3ef42460a8fe8a86","summary":{"assigneeNotifications":0,"collaboratorNotifications":0,"approverNotifications":1,"errors":0}},"processId":14176}
{"timestamp":"2026-09-06T04:46:27.569Z","eventType":"task_creation","step":"NOTIFICATION_START","status":"START","data":{"taskId":"6a9ce69a3ef42460a8fe8a86","taskType":"approval","title":"Approval for admin","createdBy":"6a67608a3177c4edda67c69d","assignedTo":"6a67608a3177c4edda67c69d","collaborators":0,"approvers":1},"processId":14176}
{"timestamp":"2026-09-06T04:46:27.571Z","eventType":"task_creation","step":"NOTIFY_ASSIGNEE_SKIPPED","status":"SKIP","data":{"reason":"Creator is assignee","createdBy":"6a67608a3177c4edda67c69d","assignedTo":"6a67608a3177c4edda67c69d"},"processId":14176}
{"timestamp":"2026-09-06T04:46:28.725Z","eventType":"task_creation","step":"NOTIFY_CREATOR_SUCCESS","status":"SUCCESS","data":{"createdBy":"6a67608a3177c4edda67c69d","notificationId":"6a9cf0245072249371719c45"},"processId":14176}
{"timestamp":"2026-09-06T04:46:28.728Z","eventType":"task_creation","step":"NOTIFY_APPROVERS_START","status":"PROGRESS","data":{"approverCount":1,"taskId":"6a9ce69a3ef42460a8fe8a86","approvalMode":"any"},"processId":14176}
{"timestamp":"2026-09-06T04:46:29.833Z","eventType":"task_creation","step":"NOTIFY_APPROVER_SUCCESS","status":"SUCCESS","data":{"approverId":"6a676566479a5e77a638c843","index":1,"notificationId":"6a9cf0255072249371719c72"},"processId":14176}
{"timestamp":"2026-09-06T04:46:29.835Z","eventType":"task_creation","step":"NOTIFICATION_COMPLETE","status":"SUCCESS","data":{"taskId":"6a9ce69a3ef42460a8fe8a86","summary":{"assigneeNotifications":0,"collaboratorNotifications":0,"approverNotifications":1,"errors":0}},"processId":14176}
{"timestamp":"2026-09-06T04:56:15.523Z","eventType":"task_creation","step":"NOTIFICATION_START","status":"START","data":{"taskId":"6a9ce69a3ef42460a8fe8a86","taskType":"approval","title":"Approval for admin","createdBy":"6a67608a3177c4edda67c69d","assignedTo":"6a67608a3177c4edda67c69d","collaborators":0,"approvers":1},"processId":1836}
{"timestamp":"2026-09-06T04:56:15.525Z","eventType":"task_creation","step":"NOTIFY_ASSIGNEE_SKIPPED","status":"SKIP","data":{"reason":"Creator is assignee","createdBy":"6a67608a3177c4edda67c69d","assignedTo":"6a67608a3177c4edda67c69d"},"processId":1836}
{"timestamp":"2026-09-06T04:56:16.600Z","eventType":"task_creation","step":"NOTIFY_CREATOR_SUCCESS","status":"SUCCESS","data":{"createdBy":"6a67608a3177c4edda67c69d","notificationId":"6a9cf2706f0feacfb10404a9"},"processId":1836}
{"timestamp":"2026-09-06T04:56:16.601Z","eventType":"task_creation","step":"NOTIFY_APPROVERS_START","status":"PROGRESS","data":{"approverCount":1,"taskId":"6a9ce69a3ef42460a8fe8a86","approvalMode":"any"},"processId":1836}
{"timestamp":"2026-09-06T04:56:17.473Z","eventType":"task_creation","step":"NOTIFY_APPROVER_SUCCESS","status":"SUCCESS","data":{"approverId":"6a676566479a5e77a638c843","index":1,"notificationId":"6a9cf2716f0feacfb10404d6"},"processId":1836}
{"timestamp":"2026-09-06T04:56:17.484Z","eventType":"task_creation","step":"NOTIFICATION_COMPLETE","status":"SUCCESS","data":{"taskId":"6a9ce69a3ef42460a8fe8a86","summary":{"assigneeNotifications":0,"collaboratorNotifications":0,"approverNotifications":1,"errors":0}},"processId":1836}
{"timestamp":"2026-09-06T05:00:52.001Z","eventType":"task_creation","step":"NOTIFICATION_START","status":"START","data":{"taskId":"6a9ce69a3ef42460a8fe8a86","taskType":"approval","title":"Approval for admin","createdBy":"6a67608a3177c4edda67c69d","assignedTo":"6a67608a3177c4edda67c69d","collaborators":0,"approvers":1},"processId":12508}
{"timestamp":"2026-09-06T05:00:52.003Z","eventType":"task_creation","step":"NOTIFY_ASSIGNEE_SKIPPED","status":"SKIP","data":{"reason":"Creator is assignee","createdBy":"6a67608a3177c4edda67c69d","assignedTo":"6a67608a3177c4edda67c69d"},"processId":12508}
{"timestamp":"2026-09-06T05:00:53.082Z","eventType":"task_creation","step":"NOTIFY_CREATOR_SUCCESS","status":"SUCCESS","data":{"createdBy":"6a67608a3177c4edda67c69d","notificationId":"6a9cf38467d76e447db90484"},"processId":12508}
{"timestamp":"2026-09-06T05:00:53.083Z","eventType":"task_creation","step":"NOTIFY_APPROVERS_START","status":"PROGRESS","data":{"approverCount":1,"taskId":"6a9ce69a3ef42460a8fe8a86","approvalMode":"any"},"processId":12508}
{"timestamp":"2026-09-06T05:00:53.987Z","eventType":"task_creation","step":"NOTIFY_APPROVER_SUCCESS","status":"SUCCESS","data":{"approverId":"6a676566479a5e77a638c843","index":1,"notificationId":"6a9cf38567d76e447db904b6"},"processId":12508}
{"timestamp":"2026-09-06T05:00:53.988Z","eventType":"task_creation","step":"NOTIFICATION_COMPLETE","status":"SUCCESS","data":{"taskId":"6a9ce69a3ef42460a8fe8a86","summary":{"assigneeNotifications":0,"collaboratorNotifications":0,"approverNotifications":1,"errors":0}},"processId":12508}
{"timestamp":"2026-09-06T05:31:37.994Z","eventType":"task_creation","step":"NOTIFICATION_START","status":"START","data":{"taskId":"6a9cf9df3d48282c5ea1c906","taskType":"approval","title":"Approval for admin","createdBy":"6a67608a3177c4edda67c69d","assignedTo":"6a67608a3177c4edda67c69d","collaborators":0,"approvers":1},"processId":18004}
{"timestamp":"2026-09-06T05:31:37.996Z","eventType":"task_creation","step":"NOTIFY_ASSIGNEE_SKIPPED","status":"SKIP","data":{"reason":"Creator is assignee","createdBy":"6a67608a3177c4edda67c69d","assignedTo":"6a67608a3177c4edda67c69d"},"processId":18004}
{"timestamp":"2026-09-06T05:31:39.222Z","eventType":"task_creation","step":"NOTIFY_CREATOR_SUCCESS","status":"SUCCESS","data":{"createdBy":"6a67608a3177c4edda67c69d","notificationId":"6a9cfabb6f137e04adccd7b1"},"processId":18004}
{"timestamp":"2026-09-06T05:31:39.223Z","eventType":"task_creation","step":"NOTIFY_APPROVERS_START","status":"PROGRESS","data":{"approverCount":1,"taskId":"6a9cf9df3d48282c5ea1c906","approvalMode":"any"},"processId":18004}
{"timestamp":"2026-09-06T05:31:42.271Z","eventType":"task_creation","step":"NOTIFY_APPROVER_SUCCESS","status":"SUCCESS","data":{"approverId":"6a676566479a5e77a638c843","index":1,"notificationId":"6a9cfabd6f137e04adccd7d3"},"processId":18004}
{"timestamp":"2026-09-06T05:31:42.272Z","eventType":"task_creation","step":"NOTIFICATION_COMPLETE","status":"SUCCESS","data":{"taskId":"6a9cf9df3d48282c5ea1c906","summary":{"assigneeNotifications":0,"collaboratorNotifications":0,"approverNotifications":1,"errors":0}},"processId":18004}
