{"timestamp":"2026-09-02T04:11:45.059Z","eventType":"task_creation","step":"NOTIFICATION_START","status":"START","data":{"taskId":"6a927affa4739f30d9d022d1","taskType":"approval","title":"Approve employee onboarding","createdBy":"6a67608a3177c4edda67c69d","assignedTo":"6a676566479a5e77a638c843","collaborators":0,"approvers":1},"processId":16440}
{"timestamp":"2026-09-02T04:11:45.062Z","eventType":"task_creation","step":"NOTIFY_ASSIGNEE_START","status":"PROGRESS","data":{"assigneeId":"6a676566479a5e77a638c843","taskId":"6a927affa4739f30d9d022d1","taskTitle":"Approve employee onboarding"},"processId":16440}
{"timestamp":"2026-09-02T04:11:46.054Z","eventType":"task_creation","step":"NOTIFY_ASSIGNEE_SUCCESS","status":"SUCCESS","data":{"assigneeId":"6a676566479a5e77a638c843","notificationId":"6a97a201752b3e8a00271df4"},"processId":16440}
{"timestamp":"2026-09-02T04:11:47.107Z","eventType":"task_creation","step":"NOTIFY_CREATOR_SUCCESS","status":"SUCCESS","data":{"createdBy":"6a67608a3177c4edda67c69d","notificationId":"6a97a203752b3e8a00271e18"},"processId":16440}
{"timestamp":"2026-09-02T04:11:47.109Z","eventType":"task_creation","step":"NOTIFY_APPROVERS_START","status":"PROGRESS","data":{"approverCount":1,"taskId":"6a927affa4739f30d9d022d1","approvalMode":"any"},"processId":16440}
{"timestamp":"2026-09-02T04:11:47.112Z","eventType":"task_creation","step":"NOTIFICATION_COMPLETE","status":"SUCCESS","data":{"taskId":"6a927affa4739f30d9d022d1","summary":{"assigneeNotifications":1,"collaboratorNotifications":0,"approverNotifications":0,"errors":0}},"processId":16440}
{"timestamp":"2026-09-02T04:20:52.882Z","eventType":"task_creation","step":"NOTIFICATION_START","status":"START","data":{"taskId":"6a927affa4739f30d9d022d1","taskType":"approval","title":"Approve employee onboarding","createdBy":"6a67608a3177c4edda67c69d","assignedTo":"6a676566479a5e77a638c843","collaborators":0,"approvers":1},"processId":21700}
{"timestamp":"2026-09-02T04:20:52.886Z","eventType":"task_creation","step":"NOTIFY_ASSIGNEE_START","status":"PROGRESS","data":{"assigneeId":"6a676566479a5e77a638c843","taskId":"6a927affa4739f30d9d022d1","taskTitle":"Approve employee onboarding"},"processId":21700}
{"timestamp":"2026-09-02T04:20:53.852Z","eventType":"task_creation","step":"NOTIFY_ASSIGNEE_SUCCESS","status":"SUCCESS","data":{"assigneeId":"6a676566479a5e77a638c843","notificationId":"6a97a4256a7d977ddca5f2d9"},"processId":21700}
{"timestamp":"2026-09-02T04:20:55.054Z","eventType":"task_creation","step":"NOTIFY_CREATOR_SUCCESS","status":"SUCCESS","data":{"createdBy":"6a67608a3177c4edda67c69d","notificationId":"6a97a4266a7d977ddca5f2fe"},"processId":21700}
{"timestamp":"2026-09-02T04:20:55.061Z","eventType":"task_creation","step":"NOTIFY_APPROVERS_START","status":"PROGRESS","data":{"approverCount":1,"taskId":"6a927affa4739f30d9d022d1","approvalMode":"any"},"processId":21700}
{"timestamp":"2026-09-02T04:20:55.072Z","eventType":"task_creation","step":"NOTIFICATION_COMPLETE","status":"SUCCESS","data":{"taskId":"6a927affa4739f30d9d022d1","summary":{"assigneeNotifications":1,"collaboratorNotifications":0,"approverNotifications":0,"errors":0}},"processId":21700}
{"timestamp":"2026-09-02T04:35:02.522Z","eventType":"task_creation","step":"NOTIFICATION_START","status":"START","data":{"taskId":"6a927affa4739f30d9d022d1","taskType":"approval","title":"Approve employee onboarding","createdBy":"6a67608a3177c4edda67c69d","assignedTo":"6a676566479a5e77a638c843","collaborators":0,"approvers":1},"processId":16708}
{"timestamp":"2026-09-02T04:35:02.525Z","eventType":"task_creation","step":"NOTIFY_ASSIGNEE_START","status":"PROGRESS","data":{"assigneeId":"6a676566479a5e77a638c843","taskId":"6a927affa4739f30d9d022d1","taskTitle":"Approve employee onboarding"},"processId":16708}
{"timestamp":"2026-09-02T04:35:03.484Z","eventType":"task_creation","step":"NOTIFY_ASSIGNEE_SUCCESS","status":"SUCCESS","data":{"assigneeId":"6a676566479a5e77a638c843","notificationId":"6a97a77726571f9b0a399782"},"processId":16708}
{"timestamp":"2026-09-02T04:35:04.478Z","eventType":"task_creation","step":"NOTIFY_CREATOR_SUCCESS","status":"SUCCESS","data":{"createdBy":"6a67608a3177c4edda67c69d","notificationId":"6a97a77826571f9b0a39979d"},"processId":16708}
{"timestamp":"2026-09-02T04:35:04.481Z","eventType":"task_creation","step":"NOTIFY_APPROVERS_START","status":"PROGRESS","data":{"approverCount":1,"taskId":"6a927affa4739f30d9d022d1","approvalMode":"any"},"processId":16708}
{"timestamp":"2026-09-02T04:35:04.482Z","eventType":"task_creation","step":"NOTIFICATION_COMPLETE","status":"SUCCESS","data":{"taskId":"6a927affa4739f30d9d022d1","summary":{"assigneeNotifications":1,"collaboratorNotifications":0,"approverNotifications":0,"errors":0}},"processId":16708}
{"timestamp":"2026-09-02T04:37:37.719Z","eventType":"task_creation","step":"NOTIFICATION_START","status":"START","data":{"taskId":"6a927affa4739f30d9d022d1","taskType":"approval","title":"Approve employee onboarding","createdBy":"6a67608a3177c4edda67c69d","assignedTo":"6a676566479a5e77a638c843","collaborators":0,"approvers":1},"processId":16708}
{"timestamp":"2026-09-02T04:37:37.724Z","eventType":"task_creation","step":"NOTIFY_ASSIGNEE_START","status":"PROGRESS","data":{"assigneeId":"6a676566479a5e77a638c843","taskId":"6a927affa4739f30d9d022d1","taskTitle":"Approve employee onboarding"},"processId":16708}
{"timestamp":"2026-09-02T04:37:38.842Z","eventType":"task_creation","step":"NOTIFY_ASSIGNEE_SUCCESS","status":"SUCCESS","data":{"assigneeId":"6a676566479a5e77a638c843","notificationId":"6a97a81226571f9b0a399a31"},"processId":16708}
{"timestamp":"2026-09-02T04:37:39.925Z","eventType":"task_creation","step":"NOTIFY_CREATOR_SUCCESS","status":"SUCCESS","data":{"createdBy":"6a67608a3177c4edda67c69d","notificationId":"6a97a81326571f9b0a399a57"},"processId":16708}
{"timestamp":"2026-09-02T04:37:39.926Z","eventType":"task_creation","step":"NOTIFY_APPROVERS_START","status":"PROGRESS","data":{"approverCount":1,"taskId":"6a927affa4739f30d9d022d1","approvalMode":"any"},"processId":16708}
{"timestamp":"2026-09-02T04:37:39.927Z","eventType":"task_creation","step":"NOTIFICATION_COMPLETE","status":"SUCCESS","data":{"taskId":"6a927affa4739f30d9d022d1","summary":{"assigneeNotifications":1,"collaboratorNotifications":0,"approverNotifications":0,"errors":0}},"processId":16708}
{"timestamp":"2026-09-02T04:56:37.152Z","eventType":"task_creation","step":"NOTIFICATION_START","status":"START","data":{"taskId":"6a97ac532b3a27f6902ba236","taskType":"approval","title":"Approval for admin","createdBy":"6a67608a3177c4edda67c69d","assignedTo":"6a67608a3177c4edda67c69d","collaborators":0,"approvers":1},"processId":22292}
{"timestamp":"2026-09-02T04:56:37.155Z","eventType":"task_creation","step":"NOTIFY_ASSIGNEE_SKIPPED","status":"SKIP","data":{"reason":"Creator is assignee","createdBy":"6a67608a3177c4edda67c69d","assignedTo":"6a67608a3177c4edda67c69d"},"processId":22292}
{"timestamp":"2026-09-02T04:56:38.067Z","eventType":"task_creation","step":"NOTIFY_CREATOR_SUCCESS","status":"SUCCESS","data":{"createdBy":"6a67608a3177c4edda67c69d","notificationId":"6a97ac852b3a27f6902ba46b"},"processId":22292}
{"timestamp":"2026-09-02T04:56:38.068Z","eventType":"task_creation","step":"NOTIFY_APPROVERS_START","status":"PROGRESS","data":{"approverCount":1,"taskId":"6a97ac532b3a27f6902ba236","approvalMode":"any"},"processId":22292}
{"timestamp":"2026-09-02T04:56:38.934Z","eventType":"task_creation","step":"NOTIFY_APPROVER_SUCCESS","status":"SUCCESS","data":{"approverId":"6a676566479a5e77a638c843","index":1,"notificationId":"6a97ac862b3a27f6902ba485"},"processId":22292}
{"timestamp":"2026-09-02T04:56:38.935Z","eventType":"task_creation","step":"NOTIFICATION_COMPLETE","status":"SUCCESS","data":{"taskId":"6a97ac532b3a27f6902ba236","summary":{"assigneeNotifications":0,"collaboratorNotifications":0,"approverNotifications":1,"errors":0}},"processId":22292}
{"timestamp":"2026-09-02T05:08:01.628Z","eventType":"task_creation","step":"NOTIFICATION_START","status":"START","data":{"taskId":"6a97af1fb050a390f5343f5b","taskType":"approval","title":"Approval for admin","createdBy":"6a67608a3177c4edda67c69d","assignedTo":"6a67608a3177c4edda67c69d","collaborators":0,"approvers":1},"processId":916}
{"timestamp":"2026-09-02T05:08:01.631Z","eventType":"task_creation","step":"NOTIFY_ASSIGNEE_SKIPPED","status":"SKIP","data":{"reason":"Creator is assignee","createdBy":"6a67608a3177c4edda67c69d","assignedTo":"6a67608a3177c4edda67c69d"},"processId":916}
{"timestamp":"2026-09-02T05:08:02.922Z","eventType":"task_creation","step":"NOTIFY_CREATOR_SUCCESS","status":"SUCCESS","data":{"createdBy":"6a67608a3177c4edda67c69d","notificationId":"6a97af32b050a390f534404c"},"processId":916}
{"timestamp":"2026-09-02T05:08:02.928Z","eventType":"task_creation","step":"NOTIFY_APPROVERS_START","status":"PROGRESS","data":{"approverCount":1,"taskId":"6a97af1fb050a390f5343f5b","approvalMode":"any"},"processId":916}
{"timestamp":"2026-09-02T05:08:03.877Z","eventType":"task_creation","step":"NOTIFY_APPROVER_SUCCESS","status":"SUCCESS","data":{"approverId":"6a676566479a5e77a638c843","index":1,"notificationId":"6a97af33b050a390f5344073"},"processId":916}
{"timestamp":"2026-09-02T05:08:03.879Z","eventType":"task_creation","step":"NOTIFICATION_COMPLETE","status":"SUCCESS","data":{"taskId":"6a97af1fb050a390f5343f5b","summary":{"assigneeNotifications":0,"collaboratorNotifications":0,"approverNotifications":1,"errors":0}},"processId":916}
{"timestamp":"2026-09-02T05:16:00.779Z","eventType":"task_creation","step":"NOTIFICATION_START","status":"START","data":{"taskId":"6a97af1fb050a390f5343f5b","taskType":"approval","title":"Approval for admin","createdBy":"6a67608a3177c4edda67c69d","assignedTo":"6a67608a3177c4edda67c69d","collaborators":0,"approvers":1},"processId":27656}
{"timestamp":"2026-09-02T05:16:00.782Z","eventType":"task_creation","step":"NOTIFY_ASSIGNEE_SKIPPED","status":"SKIP","data":{"reason":"Creator is assignee","createdBy":"6a67608a3177c4edda67c69d","assignedTo":"6a67608a3177c4edda67c69d"},"processId":27656}
{"timestamp":"2026-09-02T05:16:01.761Z","eventType":"task_creation","step":"NOTIFY_CREATOR_SUCCESS","status":"SUCCESS","data":{"createdBy":"6a67608a3177c4edda67c69d","notificationId":"6a97b111679bed1683fec660"},"processId":27656}
{"timestamp":"2026-09-02T05:16:01.763Z","eventType":"task_creation","step":"NOTIFY_APPROVERS_START","status":"PROGRESS","data":{"approverCount":1,"taskId":"6a97af1fb050a390f5343f5b","approvalMode":"any"},"processId":27656}
{"timestamp":"2026-09-02T05:16:02.598Z","eventType":"task_creation","step":"NOTIFY_APPROVER_SUCCESS","status":"SUCCESS","data":{"approverId":"6a676566479a5e77a638c843","index":1,"notificationId":"6a97b112679bed1683fec67e"},"processId":27656}
{"timestamp":"2026-09-02T05:16:02.598Z","eventType":"task_creation","step":"NOTIFICATION_COMPLETE","status":"SUCCESS","data":{"taskId":"6a97af1fb050a390f5343f5b","summary":{"assigneeNotifications":0,"collaboratorNotifications":0,"approverNotifications":1,"errors":0}},"processId":27656}
