{"timestamp":"2026-08-27T04:40:34.991Z","eventType":"task_creation","step":"NOTIFICATION_START","status":"START","data":{"taskId":"6a8fbfc23019df56000170fe","taskType":"regular","title":"collect profile","createdBy":"6a67608a3177c4edda67c69d","assignedTo":"6a676566479a5e77a638c843","collaborators":0,"approvers":0},"processId":15444}
{"timestamp":"2026-08-27T04:40:34.994Z","eventType":"task_creation","step":"NOTIFY_ASSIGNEE_START","status":"PROGRESS","data":{"assigneeId":"6a676566479a5e77a638c843","taskId":"6a8fbfc23019df56000170fe","taskTitle":"collect profile"},"processId":15444}
{"timestamp":"2026-08-27T04:40:35.936Z","eventType":"task_creation","step":"NOTIFY_ASSIGNEE_SUCCESS","status":"SUCCESS","data":{"assigneeId":"6a676566479a5e77a638c843","notificationId":"6a8fbfc33019df5600017116"},"processId":15444}
{"timestamp":"2026-08-27T04:40:36.947Z","eventType":"task_creation","step":"NOTIFY_CREATOR_SUCCESS","status":"SUCCESS","data":{"createdBy":"6a67608a3177c4edda67c69d","notificationId":"6a8fbfc43019df5600017130"},"processId":15444}
{"timestamp":"2026-08-27T04:40:36.948Z","eventType":"task_creation","step":"NOTIFICATION_COMPLETE","status":"SUCCESS","data":{"taskId":"6a8fbfc23019df56000170fe","summary":{"assigneeNotifications":1,"collaboratorNotifications":0,"approverNotifications":0,"errors":0}},"processId":15444}
{"timestamp":"2026-08-27T04:40:36.951Z","eventType":"task_creation","step":"NOTIFICATION_START","status":"START","data":{"taskId":"6a8fbfc23019df5600017100","taskType":"regular","title":"Take Interview","createdBy":"6a67608a3177c4edda67c69d","assignedTo":"6a67608a3177c4edda67c69d","collaborators":0,"approvers":0},"processId":15444}
{"timestamp":"2026-08-27T04:40:36.952Z","eventType":"task_creation","step":"NOTIFY_ASSIGNEE_SKIPPED","status":"SKIP","data":{"reason":"Creator is assignee","createdBy":"6a67608a3177c4edda67c69d","assignedTo":"6a67608a3177c4edda67c69d"},"processId":15444}
{"timestamp":"2026-08-27T04:40:37.828Z","eventType":"task_creation","step":"NOTIFY_CREATOR_SUCCESS","status":"SUCCESS","data":{"createdBy":"6a67608a3177c4edda67c69d","notificationId":"6a8fbfc53019df560001714a"},"processId":15444}
{"timestamp":"2026-08-27T04:40:37.829Z","eventType":"task_creation","step":"NOTIFICATION_COMPLETE","status":"SUCCESS","data":{"taskId":"6a8fbfc23019df5600017100","summary":{"assigneeNotifications":0,"collaboratorNotifications":0,"approverNotifications":0,"errors":0}},"processId":15444}
{"timestamp":"2026-08-27T04:40:37.928Z","eventType":"task_creation","step":"NOTIFICATION_START","status":"START","data":{"taskId":"6a8fbfc23019df5600017102","taskType":"regular","title":"Prepare Interview results","createdBy":"6a67608a3177c4edda67c69d","assignedTo":"6a67608a3177c4edda67c69d","collaborators":0,"approvers":0},"processId":15444}
{"timestamp":"2026-08-27T04:40:37.929Z","eventType":"task_creation","step":"NOTIFY_ASSIGNEE_SKIPPED","status":"SKIP","data":{"reason":"Creator is assignee","createdBy":"6a67608a3177c4edda67c69d","assignedTo":"6a67608a3177c4edda67c69d"},"processId":15444}
{"timestamp":"2026-08-27T04:40:39.167Z","eventType":"task_creation","step":"NOTIFY_CREATOR_SUCCESS","status":"SUCCESS","data":{"createdBy":"6a67608a3177c4edda67c69d","notificationId":"6a8fbfc73019df5600017171"},"processId":15444}
{"timestamp":"2026-08-27T04:40:39.170Z","eventType":"task_creation","step":"NOTIFICATION_COMPLETE","status":"SUCCESS","data":{"taskId":"6a8fbfc23019df5600017102","summary":{"assigneeNotifications":0,"collaboratorNotifications":0,"approverNotifications":0,"errors":0}},"processId":15444}
{"timestamp":"2026-08-27T04:40:39.463Z","eventType":"task_creation","step":"NOTIFICATION_START","status":"START","data":{"taskId":"6a8fbfc23019df5600017104","taskType":"milestone","title":"Employees shortlisted","createdBy":"6a67608a3177c4edda67c69d","assignedTo":"6a67608a3177c4edda67c69d","collaborators":0,"approvers":0},"processId":15444}
{"timestamp":"2026-08-27T04:40:39.464Z","eventType":"task_creation","step":"NOTIFY_ASSIGNEE_SKIPPED","status":"SKIP","data":{"reason":"Creator is assignee","createdBy":"6a67608a3177c4edda67c69d","assignedTo":"6a67608a3177c4edda67c69d"},"processId":15444}
{"timestamp":"2026-08-27T04:40:40.474Z","eventType":"task_creation","step":"NOTIFY_CREATOR_SUCCESS","status":"SUCCESS","data":{"createdBy":"6a67608a3177c4edda67c69d","notificationId":"6a8fbfc83019df560001718f"},"processId":15444}
{"timestamp":"2026-08-27T04:40:40.475Z","eventType":"task_creation","step":"NOTIFICATION_COMPLETE","status":"SUCCESS","data":{"taskId":"6a8fbfc23019df5600017104","summary":{"assigneeNotifications":0,"collaboratorNotifications":0,"approverNotifications":0,"errors":0}},"processId":15444}
{"timestamp":"2026-08-27T04:40:40.561Z","eventType":"task_creation","step":"NOTIFICATION_START","status":"START","data":{"taskId":"6a8fbfc23019df5600017106","taskType":"approval","title":"Shortlisted Employee Approval","createdBy":"6a67608a3177c4edda67c69d","assignedTo":"6a67608a3177c4edda67c69d","collaborators":0,"approvers":1},"processId":15444}
{"timestamp":"2026-08-27T04:40:40.562Z","eventType":"task_creation","step":"NOTIFY_ASSIGNEE_SKIPPED","status":"SKIP","data":{"reason":"Creator is assignee","createdBy":"6a67608a3177c4edda67c69d","assignedTo":"6a67608a3177c4edda67c69d"},"processId":15444}
{"timestamp":"2026-08-27T04:40:41.567Z","eventType":"task_creation","step":"NOTIFY_CREATOR_SUCCESS","status":"SUCCESS","data":{"createdBy":"6a67608a3177c4edda67c69d","notificationId":"6a8fbfc93019df56000171ad"},"processId":15444}
{"timestamp":"2026-08-27T04:40:41.568Z","eventType":"task_creation","step":"NOTIFY_APPROVERS_START","status":"PROGRESS","data":{"approverCount":1,"taskId":"6a8fbfc23019df5600017106","approvalMode":"any"},"processId":15444}
{"timestamp":"2026-08-27T04:40:42.306Z","eventType":"task_creation","step":"NOTIFY_APPROVER_SUCCESS","status":"SUCCESS","data":{"approverId":"6a676566479a5e77a638c843","index":1,"notificationId":"6a8fbfca3019df56000171c2"},"processId":15444}
{"timestamp":"2026-08-27T04:40:42.307Z","eventType":"task_creation","step":"NOTIFICATION_COMPLETE","status":"SUCCESS","data":{"taskId":"6a8fbfc23019df5600017106","summary":{"assigneeNotifications":0,"collaboratorNotifications":0,"approverNotifications":1,"errors":0}},"processId":15444}
{"timestamp":"2026-08-27T04:40:42.400Z","eventType":"task_creation","step":"NOTIFICATION_START","status":"START","data":{"taskId":"6a8fbfc23019df5600017108","taskType":"email","title":"Collect Information from Employee","createdBy":"6a67608a3177c4edda67c69d","assignedTo":"6a676566479a5e77a638c843","collaborators":0,"approvers":0},"processId":15444}
{"timestamp":"2026-08-27T04:40:42.400Z","eventType":"task_creation","step":"NOTIFY_ASSIGNEE_START","status":"PROGRESS","data":{"assigneeId":"6a676566479a5e77a638c843","taskId":"6a8fbfc23019df5600017108","taskTitle":"Collect Information from Employee"},"processId":15444}
{"timestamp":"2026-08-27T04:40:43.376Z","eventType":"task_creation","step":"NOTIFY_ASSIGNEE_SUCCESS","status":"SUCCESS","data":{"assigneeId":"6a676566479a5e77a638c843","notificationId":"6a8fbfcb3019df56000171e6"},"processId":15444}
{"timestamp":"2026-08-27T04:40:44.339Z","eventType":"task_creation","step":"NOTIFY_CREATOR_SUCCESS","status":"SUCCESS","data":{"createdBy":"6a67608a3177c4edda67c69d","notificationId":"6a8fbfcc3019df5600017203"},"processId":15444}
{"timestamp":"2026-08-27T04:40:44.340Z","eventType":"task_creation","step":"NOTIFICATION_COMPLETE","status":"SUCCESS","data":{"taskId":"6a8fbfc23019df5600017108","summary":{"assigneeNotifications":1,"collaboratorNotifications":0,"approverNotifications":0,"errors":0}},"processId":15444}
{"timestamp":"2026-08-27T10:21:07.326Z","eventType":"task_creation","step":"NOTIFICATION_START","status":"START","data":{"taskId":"6a900f9256a75e928946a375","taskType":"regular","title":"Regular task in process builder","createdBy":"6a67608a3177c4edda67c69d","assignedTo":"6a67608a3177c4edda67c69d","collaborators":0,"approvers":0},"processId":21384}
{"timestamp":"2026-08-27T10:21:07.334Z","eventType":"task_creation","step":"NOTIFY_ASSIGNEE_SKIPPED","status":"SKIP","data":{"reason":"Creator is assignee","createdBy":"6a67608a3177c4edda67c69d","assignedTo":"6a67608a3177c4edda67c69d"},"processId":21384}
{"timestamp":"2026-08-27T10:21:22.033Z","eventType":"task_creation","step":"NOTIFY_CREATOR_SUCCESS","status":"SUCCESS","data":{"createdBy":"6a67608a3177c4edda67c69d","notificationId":"6a900fa156a75e928946a387"},"processId":21384}
{"timestamp":"2026-08-27T10:21:22.035Z","eventType":"task_creation","step":"NOTIFICATION_COMPLETE","status":"SUCCESS","data":{"taskId":"6a900f9256a75e928946a375","summary":{"assigneeNotifications":0,"collaboratorNotifications":0,"approverNotifications":0,"errors":0}},"processId":21384}
{"timestamp":"2026-08-27T11:13:23.316Z","eventType":"task_creation","step":"NOTIFICATION_START","status":"START","data":{"taskId":"6a901a038c622e90f0dacb9c","taskType":"approval","title":"Approval for admin","createdBy":"6a67608a3177c4edda67c69d","assignedTo":"6a67608a3177c4edda67c69d","collaborators":0,"approvers":1},"processId":18008}
{"timestamp":"2026-08-27T11:13:23.322Z","eventType":"task_creation","step":"NOTIFY_ASSIGNEE_SKIPPED","status":"SKIP","data":{"reason":"Creator is assignee","createdBy":"6a67608a3177c4edda67c69d","assignedTo":"6a67608a3177c4edda67c69d"},"processId":18008}
{"timestamp":"2026-08-27T11:13:23.995Z","eventType":"task_creation","step":"NOTIFY_CREATOR_SUCCESS","status":"SUCCESS","data":{"createdBy":"6a67608a3177c4edda67c69d","notificationId":"6a901bd38c622e90f0dacf49"},"processId":18008}
{"timestamp":"2026-08-27T11:13:23.997Z","eventType":"task_creation","step":"NOTIFY_APPROVERS_START","status":"PROGRESS","data":{"approverCount":1,"taskId":"6a901a038c622e90f0dacb9c","approvalMode":"any"},"processId":18008}
{"timestamp":"2026-08-27T11:13:24.775Z","eventType":"task_creation","step":"NOTIFY_APPROVER_SUCCESS","status":"SUCCESS","data":{"approverId":"6a676566479a5e77a638c843","index":1,"notificationId":"6a901bd48c622e90f0dacf69"},"processId":18008}
{"timestamp":"2026-08-27T11:13:24.778Z","eventType":"task_creation","step":"NOTIFICATION_COMPLETE","status":"SUCCESS","data":{"taskId":"6a901a038c622e90f0dacb9c","summary":{"assigneeNotifications":0,"collaboratorNotifications":0,"approverNotifications":1,"errors":0}},"processId":18008}
{"timestamp":"2026-08-27T11:46:43.117Z","eventType":"task_creation","step":"NOTIFICATION_START","status":"START","data":{"taskId":"6a9020028cadef28ad2e647a","taskType":"approval","title":"Approval for admin","createdBy":"6a67608a3177c4edda67c69d","assignedTo":"6a67608a3177c4edda67c69d","collaborators":0,"approvers":1},"processId":16176}
{"timestamp":"2026-08-27T11:46:43.121Z","eventType":"task_creation","step":"NOTIFY_ASSIGNEE_SKIPPED","status":"SKIP","data":{"reason":"Creator is assignee","createdBy":"6a67608a3177c4edda67c69d","assignedTo":"6a67608a3177c4edda67c69d"},"processId":16176}
{"timestamp":"2026-08-27T11:46:43.932Z","eventType":"task_creation","step":"NOTIFY_CREATOR_SUCCESS","status":"SUCCESS","data":{"createdBy":"6a67608a3177c4edda67c69d","notificationId":"6a9023a342612bba4ad6df56"},"processId":16176}
{"timestamp":"2026-08-27T11:46:43.933Z","eventType":"task_creation","step":"NOTIFY_APPROVERS_START","status":"PROGRESS","data":{"approverCount":1,"taskId":"6a9020028cadef28ad2e647a","approvalMode":"any"},"processId":16176}
{"timestamp":"2026-08-27T11:46:44.685Z","eventType":"task_creation","step":"NOTIFY_APPROVER_SUCCESS","status":"SUCCESS","data":{"approverId":"6a676566479a5e77a638c843","index":1,"notificationId":"6a9023a442612bba4ad6df73"},"processId":16176}
{"timestamp":"2026-08-27T11:46:44.686Z","eventType":"task_creation","step":"NOTIFICATION_COMPLETE","status":"SUCCESS","data":{"taskId":"6a9020028cadef28ad2e647a","summary":{"assigneeNotifications":0,"collaboratorNotifications":0,"approverNotifications":1,"errors":0}},"processId":16176}
{"timestamp":"2026-08-27T12:19:14.635Z","eventType":"task_creation","step":"NOTIFICATION_START","status":"START","data":{"taskId":"6a9028a72cc1cfbdee0caa84","taskType":"approval","title":"Approval for admin","createdBy":"6a67608a3177c4edda67c69d","assignedTo":"6a67608a3177c4edda67c69d","collaborators":0,"approvers":1},"processId":20260}
{"timestamp":"2026-08-27T12:19:14.647Z","eventType":"task_creation","step":"NOTIFY_ASSIGNEE_SKIPPED","status":"SKIP","data":{"reason":"Creator is assignee","createdBy":"6a67608a3177c4edda67c69d","assignedTo":"6a67608a3177c4edda67c69d"},"processId":20260}
{"timestamp":"2026-08-27T12:19:15.573Z","eventType":"task_creation","step":"NOTIFY_CREATOR_SUCCESS","status":"SUCCESS","data":{"createdBy":"6a67608a3177c4edda67c69d","notificationId":"6a902b43522cc407c4ec520d"},"processId":20260}
{"timestamp":"2026-08-27T12:19:15.574Z","eventType":"task_creation","step":"NOTIFY_APPROVERS_START","status":"PROGRESS","data":{"approverCount":1,"taskId":"6a9028a72cc1cfbdee0caa84","approvalMode":"any"},"processId":20260}
{"timestamp":"2026-08-27T12:19:16.437Z","eventType":"task_creation","step":"NOTIFY_APPROVER_SUCCESS","status":"SUCCESS","data":{"approverId":"6a676566479a5e77a638c843","index":1,"notificationId":"6a902b44522cc407c4ec522c"},"processId":20260}
{"timestamp":"2026-08-27T12:19:16.438Z","eventType":"task_creation","step":"NOTIFICATION_COMPLETE","status":"SUCCESS","data":{"taskId":"6a9028a72cc1cfbdee0caa84","summary":{"assigneeNotifications":0,"collaboratorNotifications":0,"approverNotifications":1,"errors":0}},"processId":20260}
