{"timestamp":"2026-08-25T12:04:59.807Z","eventType":"task_creation","step":"NOTIFICATION_START","status":"START","data":{"taskId":"6a8d84ebb3f0572643cf7d2e","taskType":"regular","title":"Regular task in process builder","createdBy":"6a67608a3177c4edda67c69d","assignedTo":"6a676566479a5e77a638c843","collaborators":0,"approvers":0},"processId":4436}
{"timestamp":"2026-08-25T12:04:59.809Z","eventType":"task_creation","step":"NOTIFY_ASSIGNEE_START","status":"PROGRESS","data":{"assigneeId":"6a676566479a5e77a638c843","taskId":"6a8d84ebb3f0572643cf7d2e","taskTitle":"Regular task in process builder"},"processId":4436}
{"timestamp":"2026-08-25T12:05:00.843Z","eventType":"task_creation","step":"NOTIFY_ASSIGNEE_SUCCESS","status":"SUCCESS","data":{"assigneeId":"6a676566479a5e77a638c843","notificationId":"6a8d84ecb3f0572643cf7d4d"},"processId":4436}
{"timestamp":"2026-08-25T12:05:01.877Z","eventType":"task_creation","step":"NOTIFY_CREATOR_SUCCESS","status":"SUCCESS","data":{"createdBy":"6a67608a3177c4edda67c69d","notificationId":"6a8d84edb3f0572643cf7d75"},"processId":4436}
{"timestamp":"2026-08-25T12:05:01.878Z","eventType":"task_creation","step":"NOTIFICATION_COMPLETE","status":"SUCCESS","data":{"taskId":"6a8d84ebb3f0572643cf7d2e","summary":{"assigneeNotifications":1,"collaboratorNotifications":0,"approverNotifications":0,"errors":0}},"processId":4436}
{"timestamp":"2026-08-25T12:05:01.880Z","eventType":"task_creation","step":"NOTIFICATION_START","status":"START","data":{"taskId":"6a8d84ebb3f0572643cf7d30","taskType":"email","title":"Email task in process builder","createdBy":"6a67608a3177c4edda67c69d","assignedTo":"6a67608a3177c4edda67c69d","collaborators":0,"approvers":0},"processId":4436}
{"timestamp":"2026-08-25T12:05:01.881Z","eventType":"task_creation","step":"NOTIFY_ASSIGNEE_SKIPPED","status":"SKIP","data":{"reason":"Creator is assignee","createdBy":"6a67608a3177c4edda67c69d","assignedTo":"6a67608a3177c4edda67c69d"},"processId":4436}
{"timestamp":"2026-08-25T12:05:03.021Z","eventType":"task_creation","step":"NOTIFY_CREATOR_SUCCESS","status":"SUCCESS","data":{"createdBy":"6a67608a3177c4edda67c69d","notificationId":"6a8d84eeb3f0572643cf7d9e"},"processId":4436}
{"timestamp":"2026-08-25T12:05:03.022Z","eventType":"task_creation","step":"NOTIFICATION_COMPLETE","status":"SUCCESS","data":{"taskId":"6a8d84ebb3f0572643cf7d30","summary":{"assigneeNotifications":0,"collaboratorNotifications":0,"approverNotifications":0,"errors":0}},"processId":4436}
{"timestamp":"2026-08-25T12:05:03.028Z","eventType":"task_creation","step":"NOTIFICATION_START","status":"START","data":{"taskId":"6a8d84ebb3f0572643cf7d32","taskType":"milestone","title":"Linked milestone task by process builder","createdBy":"6a67608a3177c4edda67c69d","assignedTo":"6a676566479a5e77a638c843","collaborators":0,"approvers":0},"processId":4436}
{"timestamp":"2026-08-25T12:05:03.028Z","eventType":"task_creation","step":"NOTIFY_ASSIGNEE_START","status":"PROGRESS","data":{"assigneeId":"6a676566479a5e77a638c843","taskId":"6a8d84ebb3f0572643cf7d32","taskTitle":"Linked milestone task by process builder"},"processId":4436}
{"timestamp":"2026-08-25T12:05:03.960Z","eventType":"task_creation","step":"NOTIFY_ASSIGNEE_SUCCESS","status":"SUCCESS","data":{"assigneeId":"6a676566479a5e77a638c843","notificationId":"6a8d84efb3f0572643cf7dc4"},"processId":4436}
{"timestamp":"2026-08-25T12:05:05.110Z","eventType":"task_creation","step":"NOTIFY_CREATOR_SUCCESS","status":"SUCCESS","data":{"createdBy":"6a67608a3177c4edda67c69d","notificationId":"6a8d84f1b3f0572643cf7de2"},"processId":4436}
{"timestamp":"2026-08-25T12:05:05.111Z","eventType":"task_creation","step":"NOTIFICATION_COMPLETE","status":"SUCCESS","data":{"taskId":"6a8d84ebb3f0572643cf7d32","summary":{"assigneeNotifications":1,"collaboratorNotifications":0,"approverNotifications":0,"errors":0}},"processId":4436}
{"timestamp":"2026-08-25T12:05:05.114Z","eventType":"task_creation","step":"NOTIFICATION_START","status":"START","data":{"taskId":"6a8d84ebb3f0572643cf7d34","taskType":"approval","title":"Approval  task in process builder","createdBy":"6a67608a3177c4edda67c69d","assignedTo":"6a67608a3177c4edda67c69d","collaborators":0,"approvers":0},"processId":4436}
{"timestamp":"2026-08-25T12:05:05.115Z","eventType":"task_creation","step":"NOTIFY_ASSIGNEE_SKIPPED","status":"SKIP","data":{"reason":"Creator is assignee","createdBy":"6a67608a3177c4edda67c69d","assignedTo":"6a67608a3177c4edda67c69d"},"processId":4436}
{"timestamp":"2026-08-25T12:05:06.200Z","eventType":"task_creation","step":"NOTIFY_CREATOR_SUCCESS","status":"SUCCESS","data":{"createdBy":"6a67608a3177c4edda67c69d","notificationId":"6a8d84f2b3f0572643cf7dfe"},"processId":4436}
{"timestamp":"2026-08-25T12:05:06.201Z","eventType":"task_creation","step":"NOTIFICATION_COMPLETE","status":"SUCCESS","data":{"taskId":"6a8d84ebb3f0572643cf7d34","summary":{"assigneeNotifications":0,"collaboratorNotifications":0,"approverNotifications":0,"errors":0}},"processId":4436}
{"timestamp":"2026-08-25T12:22:24.042Z","eventType":"task_creation","step":"NOTIFICATION_START","status":"START","data":{"taskId":"6a8d88ff5e4625722f1f0ea1","taskType":"regular","title":"employee onboarding on regular task","createdBy":"6a67608a3177c4edda67c69d","assignedTo":"6a67608a3177c4edda67c69d","collaborators":0,"approvers":0},"processId":9140}
{"timestamp":"2026-08-25T12:22:24.044Z","eventType":"task_creation","step":"NOTIFY_ASSIGNEE_SKIPPED","status":"SKIP","data":{"reason":"Creator is assignee","createdBy":"6a67608a3177c4edda67c69d","assignedTo":"6a67608a3177c4edda67c69d"},"processId":9140}
{"timestamp":"2026-08-25T12:22:25.501Z","eventType":"task_creation","step":"NOTIFY_CREATOR_SUCCESS","status":"SUCCESS","data":{"createdBy":"6a67608a3177c4edda67c69d","notificationId":"6a8d89015e4625722f1f0eb6"},"processId":9140}
{"timestamp":"2026-08-25T12:22:25.503Z","eventType":"task_creation","step":"NOTIFICATION_COMPLETE","status":"SUCCESS","data":{"taskId":"6a8d88ff5e4625722f1f0ea1","summary":{"assigneeNotifications":0,"collaboratorNotifications":0,"approverNotifications":0,"errors":0}},"processId":9140}
{"timestamp":"2026-08-25T12:22:25.508Z","eventType":"task_creation","step":"NOTIFICATION_START","status":"START","data":{"taskId":"6a8d88ff5e4625722f1f0ea3","taskType":"milestone","title":"Linked employee onboarding","createdBy":"6a67608a3177c4edda67c69d","assignedTo":"6a676566479a5e77a638c843","collaborators":0,"approvers":0},"processId":9140}
{"timestamp":"2026-08-25T12:22:25.509Z","eventType":"task_creation","step":"NOTIFY_ASSIGNEE_START","status":"PROGRESS","data":{"assigneeId":"6a676566479a5e77a638c843","taskId":"6a8d88ff5e4625722f1f0ea3","taskTitle":"Linked employee onboarding"},"processId":9140}
{"timestamp":"2026-08-25T12:22:26.580Z","eventType":"task_creation","step":"NOTIFY_ASSIGNEE_SUCCESS","status":"SUCCESS","data":{"assigneeId":"6a676566479a5e77a638c843","notificationId":"6a8d89025e4625722f1f0ecd"},"processId":9140}
{"timestamp":"2026-08-25T12:22:28.265Z","eventType":"task_creation","step":"NOTIFY_CREATOR_SUCCESS","status":"SUCCESS","data":{"createdBy":"6a67608a3177c4edda67c69d","notificationId":"6a8d89045e4625722f1f0eec"},"processId":9140}
{"timestamp":"2026-08-25T12:22:28.266Z","eventType":"task_creation","step":"NOTIFICATION_COMPLETE","status":"SUCCESS","data":{"taskId":"6a8d88ff5e4625722f1f0ea3","summary":{"assigneeNotifications":1,"collaboratorNotifications":0,"approverNotifications":0,"errors":0}},"processId":9140}
{"timestamp":"2026-08-25T12:22:28.269Z","eventType":"task_creation","step":"NOTIFICATION_START","status":"START","data":{"taskId":"6a8d88ff5e4625722f1f0ea5","taskType":"approval","title":"Approval task for employee onboarding","createdBy":"6a67608a3177c4edda67c69d","assignedTo":"6a67608a3177c4edda67c69d","collaborators":0,"approvers":0},"processId":9140}
{"timestamp":"2026-08-25T12:22:28.270Z","eventType":"task_creation","step":"NOTIFY_ASSIGNEE_SKIPPED","status":"SKIP","data":{"reason":"Creator is assignee","createdBy":"6a67608a3177c4edda67c69d","assignedTo":"6a67608a3177c4edda67c69d"},"processId":9140}
{"timestamp":"2026-08-25T12:22:29.714Z","eventType":"task_creation","step":"NOTIFY_CREATOR_SUCCESS","status":"SUCCESS","data":{"createdBy":"6a67608a3177c4edda67c69d","notificationId":"6a8d89055e4625722f1f0f07"},"processId":9140}
{"timestamp":"2026-08-25T12:22:29.716Z","eventType":"task_creation","step":"NOTIFICATION_COMPLETE","status":"SUCCESS","data":{"taskId":"6a8d88ff5e4625722f1f0ea5","summary":{"assigneeNotifications":0,"collaboratorNotifications":0,"approverNotifications":0,"errors":0}},"processId":9140}
{"timestamp":"2026-08-25T12:22:29.719Z","eventType":"task_creation","step":"NOTIFICATION_START","status":"START","data":{"taskId":"6a8d88ff5e4625722f1f0ea7","taskType":"email","title":"Email task for employee onboarding","createdBy":"6a67608a3177c4edda67c69d","assignedTo":"6a67608a3177c4edda67c69d","collaborators":0,"approvers":0},"processId":9140}
{"timestamp":"2026-08-25T12:22:29.720Z","eventType":"task_creation","step":"NOTIFY_ASSIGNEE_SKIPPED","status":"SKIP","data":{"reason":"Creator is assignee","createdBy":"6a67608a3177c4edda67c69d","assignedTo":"6a67608a3177c4edda67c69d"},"processId":9140}
{"timestamp":"2026-08-25T12:22:31.103Z","eventType":"task_creation","step":"NOTIFY_CREATOR_SUCCESS","status":"SUCCESS","data":{"createdBy":"6a67608a3177c4edda67c69d","notificationId":"6a8d89065e4625722f1f0f24"},"processId":9140}
{"timestamp":"2026-08-25T12:22:31.104Z","eventType":"task_creation","step":"NOTIFICATION_COMPLETE","status":"SUCCESS","data":{"taskId":"6a8d88ff5e4625722f1f0ea7","summary":{"assigneeNotifications":0,"collaboratorNotifications":0,"approverNotifications":0,"errors":0}},"processId":9140}
{"timestamp":"2026-08-25T12:35:06.154Z","eventType":"task_creation","step":"NOTIFICATION_START","status":"START","data":{"taskId":"6a8d8bf9fc2e011230f2e2bd","taskType":"regular","title":"Regular task in process builder","createdBy":"6a67608a3177c4edda67c69d","assignedTo":"6a67608a3177c4edda67c69d","collaborators":0,"approvers":0},"processId":23316}
{"timestamp":"2026-08-25T12:35:06.157Z","eventType":"task_creation","step":"NOTIFY_ASSIGNEE_SKIPPED","status":"SKIP","data":{"reason":"Creator is assignee","createdBy":"6a67608a3177c4edda67c69d","assignedTo":"6a67608a3177c4edda67c69d"},"processId":23316}
{"timestamp":"2026-08-25T12:35:07.473Z","eventType":"task_creation","step":"NOTIFY_CREATOR_SUCCESS","status":"SUCCESS","data":{"createdBy":"6a67608a3177c4edda67c69d","notificationId":"6a8d8bfbfc2e011230f2e2d3"},"processId":23316}
{"timestamp":"2026-08-25T12:35:07.475Z","eventType":"task_creation","step":"NOTIFICATION_COMPLETE","status":"SUCCESS","data":{"taskId":"6a8d8bf9fc2e011230f2e2bd","summary":{"assigneeNotifications":0,"collaboratorNotifications":0,"approverNotifications":0,"errors":0}},"processId":23316}
{"timestamp":"2026-08-25T12:35:07.491Z","eventType":"task_creation","step":"NOTIFICATION_START","status":"START","data":{"taskId":"6a8d8bf9fc2e011230f2e2bf","taskType":"email","title":"Email task by process builder","createdBy":"6a67608a3177c4edda67c69d","assignedTo":"6a67608a3177c4edda67c69d","collaborators":0,"approvers":0},"processId":23316}
{"timestamp":"2026-08-25T12:35:07.492Z","eventType":"task_creation","step":"NOTIFY_ASSIGNEE_SKIPPED","status":"SKIP","data":{"reason":"Creator is assignee","createdBy":"6a67608a3177c4edda67c69d","assignedTo":"6a67608a3177c4edda67c69d"},"processId":23316}
{"timestamp":"2026-08-25T12:35:09.934Z","eventType":"task_creation","step":"NOTIFY_CREATOR_SUCCESS","status":"SUCCESS","data":{"createdBy":"6a67608a3177c4edda67c69d","notificationId":"6a8d8bfdfc2e011230f2e2f4"},"processId":23316}
{"timestamp":"2026-08-25T12:35:09.935Z","eventType":"task_creation","step":"NOTIFICATION_COMPLETE","status":"SUCCESS","data":{"taskId":"6a8d8bf9fc2e011230f2e2bf","summary":{"assigneeNotifications":0,"collaboratorNotifications":0,"approverNotifications":0,"errors":0}},"processId":23316}
{"timestamp":"2026-08-25T12:35:10.143Z","eventType":"task_creation","step":"NOTIFICATION_START","status":"START","data":{"taskId":"6a8d8bf9fc2e011230f2e2c2","taskType":"milestone","title":"Linked milestone task by process builder","createdBy":"6a67608a3177c4edda67c69d","assignedTo":"6a676566479a5e77a638c843","collaborators":0,"approvers":0},"processId":23316}
{"timestamp":"2026-08-25T12:35:10.153Z","eventType":"task_creation","step":"NOTIFY_ASSIGNEE_START","status":"PROGRESS","data":{"assigneeId":"6a676566479a5e77a638c843","taskId":"6a8d8bf9fc2e011230f2e2c2","taskTitle":"Linked milestone task by process builder"},"processId":23316}
{"timestamp":"2026-08-25T12:35:11.185Z","eventType":"task_creation","step":"NOTIFY_ASSIGNEE_SUCCESS","status":"SUCCESS","data":{"assigneeId":"6a676566479a5e77a638c843","notificationId":"6a8d8bfffc2e011230f2e315"},"processId":23316}
{"timestamp":"2026-08-25T12:35:12.525Z","eventType":"task_creation","step":"NOTIFY_CREATOR_SUCCESS","status":"SUCCESS","data":{"createdBy":"6a67608a3177c4edda67c69d","notificationId":"6a8d8c00fc2e011230f2e331"},"processId":23316}
{"timestamp":"2026-08-25T12:35:12.526Z","eventType":"task_creation","step":"NOTIFICATION_COMPLETE","status":"SUCCESS","data":{"taskId":"6a8d8bf9fc2e011230f2e2c2","summary":{"assigneeNotifications":1,"collaboratorNotifications":0,"approverNotifications":0,"errors":0}},"processId":23316}
{"timestamp":"2026-08-25T12:35:12.622Z","eventType":"task_creation","step":"NOTIFICATION_START","status":"START","data":{"taskId":"6a8d8bfafc2e011230f2e2c4","taskType":"approval","title":"Approval  task in process builder","createdBy":"6a67608a3177c4edda67c69d","assignedTo":"6a67608a3177c4edda67c69d","collaborators":0,"approvers":1},"processId":23316}
{"timestamp":"2026-08-25T12:35:12.623Z","eventType":"task_creation","step":"NOTIFY_ASSIGNEE_SKIPPED","status":"SKIP","data":{"reason":"Creator is assignee","createdBy":"6a67608a3177c4edda67c69d","assignedTo":"6a67608a3177c4edda67c69d"},"processId":23316}
{"timestamp":"2026-08-25T12:35:13.714Z","eventType":"task_creation","step":"NOTIFY_CREATOR_SUCCESS","status":"SUCCESS","data":{"createdBy":"6a67608a3177c4edda67c69d","notificationId":"6a8d8c01fc2e011230f2e34f"},"processId":23316}
{"timestamp":"2026-08-25T12:35:13.716Z","eventType":"task_creation","step":"NOTIFY_APPROVERS_START","status":"PROGRESS","data":{"approverCount":1,"taskId":"6a8d8bfafc2e011230f2e2c4","approvalMode":"any"},"processId":23316}
{"timestamp":"2026-08-25T12:35:14.747Z","eventType":"task_creation","step":"NOTIFY_APPROVER_SUCCESS","status":"SUCCESS","data":{"approverId":"6a676566479a5e77a638c843","index":1,"notificationId":"6a8d8c02fc2e011230f2e362"},"processId":23316}
{"timestamp":"2026-08-25T12:35:14.749Z","eventType":"task_creation","step":"NOTIFICATION_COMPLETE","status":"SUCCESS","data":{"taskId":"6a8d8bfafc2e011230f2e2c4","summary":{"assigneeNotifications":0,"collaboratorNotifications":0,"approverNotifications":1,"errors":0}},"processId":23316}
